Component: ARM Compiler 5.05 update 2 (build 169) Tool: armlink [4d0f33]

==============================================================================

Section Cross References

    main.o(i.GPIO_ToggleBit) refers to main.o(i.assert_failed) for assert_failed
    main.o(i.main) refers to can.o(i.InitCAN) for InitCAN
    main.o(i.main) refers to adc.o(i.InitADC) for InitADC
    main.o(i.main) refers to timers.o(i.InitTIM_1) for InitTIM_1
    main.o(i.main) refers to stm32f0xx_rcc.o(i.RCC_AHBPeriphClockCmd) for RCC_AHBPeriphClockCmd
    main.o(i.main) refers to stm32f0xx_gpio.o(i.GPIO_Init) for GPIO_Init
    main.o(i.main) refers to stm32f0xx_crc.o(i.CRC_CalcBlockCRC) for CRC_CalcBlockCRC
    main.o(i.main) refers to stm32f0xx_gpio.o(i.GPIO_SetBits) for GPIO_SetBits
    main.o(i.main) refers to main.o(i.GPIO_ToggleBit) for GPIO_ToggleBit
    main.o(i.main) refers to can.o(i.SendDataCAN) for SendDataCAN
    main.o(i.main) refers to stm32f0xx_can.o(i.CAN_GetFlagStatus) for CAN_GetFlagStatus
    main.o(i.main) refers to main.o(.data) for ptr
    main.o(i.main) refers to main.o(.bss) for id
    main.o(i.main) refers to handlers.o(.data) for flag_get_temperature
    can.o(i.InitCAN) refers to stm32f0xx_rcc.o(i.RCC_APB1PeriphClockCmd) for RCC_APB1PeriphClockCmd
    can.o(i.InitCAN) refers to stm32f0xx_rcc.o(i.RCC_APB2PeriphClockCmd) for RCC_APB2PeriphClockCmd
    can.o(i.InitCAN) refers to stm32f0xx_rcc.o(i.RCC_AHBPeriphClockCmd) for RCC_AHBPeriphClockCmd
    can.o(i.InitCAN) refers to stm32f0xx_gpio.o(i.GPIO_PinAFConfig) for GPIO_PinAFConfig
    can.o(i.InitCAN) refers to stm32f0xx_gpio.o(i.GPIO_Init) for GPIO_Init
    can.o(i.InitCAN) refers to stm32f0xx_misc.o(i.NVIC_Init) for NVIC_Init
    can.o(i.InitCAN) refers to stm32f0xx_can.o(i.CAN_DeInit) for CAN_DeInit
    can.o(i.InitCAN) refers to stm32f0xx_can.o(i.CAN_Init) for CAN_Init
    can.o(i.InitCAN) refers to stm32f0xx_can.o(i.CAN_FilterInit) for CAN_FilterInit
    can.o(i.InitCAN) refers to stm32f0xx_can.o(i.CAN_ITConfig) for CAN_ITConfig
    can.o(i.SendDataCAN) refers to stm32f0xx_can.o(i.CAN_Transmit) for CAN_Transmit
    can.o(i.SendDataCAN) refers to main.o(.data) for crc_id
    adc.o(i.InitADC) refers to stm32f0xx_rcc.o(i.RCC_APB2PeriphClockCmd) for RCC_APB2PeriphClockCmd
    adc.o(i.InitADC) refers to stm32f0xx_gpio.o(i.GPIO_Init) for GPIO_Init
    adc.o(i.InitADC) refers to stm32f0xx_adc.o(i.ADC_Init) for ADC_Init
    adc.o(i.InitADC) refers to stm32f0xx_adc.o(i.ADC_ChannelConfig) for ADC_ChannelConfig
    adc.o(i.InitADC) refers to stm32f0xx_adc.o(i.ADC_ITConfig) for ADC_ITConfig
    adc.o(i.InitADC) refers to stm32f0xx_misc.o(i.NVIC_Init) for NVIC_Init
    adc.o(i.InitADC) refers to stm32f0xx_adc.o(i.ADC_Cmd) for ADC_Cmd
    adc.o(i.InitADC) refers to stm32f0xx_adc.o(i.ADC_StartOfConversion) for ADC_StartOfConversion
    handlers.o(i.ADC1_IRQHandler) refers to stm32f0xx_adc.o(i.ADC_GetFlagStatus) for ADC_GetFlagStatus
    handlers.o(i.ADC1_IRQHandler) refers to stm32f0xx_adc.o(i.ADC_GetConversionValue) for ADC_GetConversionValue
    handlers.o(i.ADC1_IRQHandler) refers to aeabi_sdiv.o(.text) for __aeabi_uidivmod
    handlers.o(i.ADC1_IRQHandler) refers to stm32f0xx_adc.o(i.ADC_ClearFlag) for ADC_ClearFlag
    handlers.o(i.ADC1_IRQHandler) refers to handlers.o(.data) for flag_adc
    handlers.o(i.ADC1_IRQHandler) refers to handlers.o(.bss) for buff_humm
    handlers.o(i.CEC_CAN_IRQHandler) refers to stm32f0xx_can.o(i.CAN_GetITStatus) for CAN_GetITStatus
    handlers.o(i.CEC_CAN_IRQHandler) refers to stm32f0xx_can.o(i.CAN_Receive) for CAN_Receive
    handlers.o(i.CEC_CAN_IRQHandler) refers to can.o(i.InitCAN) for InitCAN
    handlers.o(i.CEC_CAN_IRQHandler) refers to handlers.o(.data) for flag_get_can_msg
    handlers.o(i.CEC_CAN_IRQHandler) refers to handlers.o(.bss) for CANMessage
    handlers.o(i.CEC_CAN_IRQHandler) refers to main.o(.data) for time_response
    handlers.o(i.TIM1_BRK_UP_TRG_COM_IRQHandler) refers to stm32f0xx_tim.o(i.TIM_GetFlagStatus) for TIM_GetFlagStatus
    handlers.o(i.TIM1_BRK_UP_TRG_COM_IRQHandler) refers to stm32f0xx_tim.o(i.TIM_ClearFlag) for TIM_ClearFlag
    handlers.o(i.TIM1_BRK_UP_TRG_COM_IRQHandler) refers to stm32f0xx_adc.o(i.ADC_StartOfConversion) for ADC_StartOfConversion
    handlers.o(i.TIM1_BRK_UP_TRG_COM_IRQHandler) refers to main.o(.data) for cnt_response
    handlers.o(i.TIM3_IRQHandler) refers to stm32f0xx_tim.o(i.TIM_GetFlagStatus) for TIM_GetFlagStatus
    handlers.o(i.TIM3_IRQHandler) refers to stm32f0xx_tim.o(i.TIM_ClearFlag) for TIM_ClearFlag
    timers.o(i.InitTIM_1) refers to stm32f0xx_rcc.o(i.RCC_APB2PeriphClockCmd) for RCC_APB2PeriphClockCmd
    timers.o(i.InitTIM_1) refers to stm32f0xx_misc.o(i.NVIC_Init) for NVIC_Init
    timers.o(i.InitTIM_1) refers to stm32f0xx_tim.o(i.TIM_ITConfig) for TIM_ITConfig
    timers.o(i.InitTIM_1) refers to stm32f0xx_tim.o(i.TIM_TimeBaseInit) for TIM_TimeBaseInit
[...]
    defsig_cppl_inner.o(.text) refers to defsig_general.o(.text) for __default_signal_display
    defsig_segv_inner.o(.text) refers to defsig_general.o(.text) for __default_signal_display
    defsig_other.o(.text) refers to defsig_general.o(.text) for __default_signal_display


==============================================================================

Removing Unused input sections from the image.

    Removing main.o(.rev16_text), (4 bytes).
    Removing main.o(.revsh_text), (4 bytes).
    Removing stm32f0xx_it.o(.rev16_text), (4 bytes).
    Removing stm32f0xx_it.o(.revsh_text), (4 bytes).
    Removing can.o(.rev16_text), (4 bytes).
    Removing can.o(.revsh_text), (4 bytes).
    Removing can.o(.data), (4 bytes).
    Removing adc.o(.rev16_text), (4 bytes).
    Removing adc.o(.revsh_text), (4 bytes).
    Removing handlers.o(.rev16_text), (4 bytes).
    Removing handlers.o(.revsh_text), (4 bytes).
    Removing timers.o(.rev16_text), (4 bytes).
    Removing timers.o(.revsh_text), (4 bytes).
    Removing timers.o(i.InitTIM_3), (156 bytes).
    Removing system_stm32f0xx.o(.rev16_text), (4 bytes).
    Removing system_stm32f0xx.o(.revsh_text), (4 bytes).
    Removing system_stm32f0xx.o(i.SetSysClock), (216 bytes).
    Removing system_stm32f0xx.o(i.SystemCoreClockUpdate), (176 bytes).
    Removing system_stm32f0xx.o(.constdata), (16 bytes).
    Removing system_stm32f0xx.o(.data), (4 bytes).
    Removing stm32f0xx_adc.o(.rev16_text), (4 bytes).
    Removing stm32f0xx_adc.o(.revsh_text), (4 bytes).
    Removing stm32f0xx_adc.o(i.ADC_AnalogWatchdogCmd), (96 bytes).
    Removing stm32f0xx_adc.o(i.ADC_AnalogWatchdogSingleChannelCmd), (100 bytes).
    Removing stm32f0xx_adc.o(i.ADC_AnalogWatchdogSingleChannelConfig), (232 bytes).
    Removing stm32f0xx_adc.o(i.ADC_AnalogWatchdogThresholdsConfig), (100 bytes).
    Removing stm32f0xx_adc.o(i.ADC_AutoPowerOffCmd), (96 bytes).
    Removing stm32f0xx_adc.o(i.ADC_ClearITPendingBit), (80 bytes).
    Removing stm32f0xx_adc.o(i.ADC_ClockModeConfig), (84 bytes).
    Removing stm32f0xx_adc.o(i.ADC_ContinuousModeCmd), (100 bytes).
    Removing stm32f0xx_adc.o(i.ADC_DMACmd), (96 bytes).
    Removing stm32f0xx_adc.o(i.ADC_DMARequestModeConfig), (68 bytes).
    Removing stm32f0xx_adc.o(i.ADC_DeInit), (68 bytes).
    Removing stm32f0xx_adc.o(i.ADC_DiscModeCmd), (100 bytes).
    Removing stm32f0xx_adc.o(i.ADC_GetCalibrationFactor), (104 bytes).
    Removing stm32f0xx_adc.o(i.ADC_GetITStatus), (120 bytes).
    Removing stm32f0xx_adc.o(i.ADC_JitterCmd), (112 bytes).
    Removing stm32f0xx_adc.o(i.ADC_OverrunModeCmd), (100 bytes).
    Removing stm32f0xx_adc.o(i.ADC_StopOfConversion), (60 bytes).
    Removing stm32f0xx_adc.o(i.ADC_StructInit), (16 bytes).
    Removing stm32f0xx_adc.o(i.ADC_TempSensorCmd), (84 bytes).
    Removing stm32f0xx_adc.o(i.ADC_VbatCmd), (88 bytes).
    Removing stm32f0xx_adc.o(i.ADC_VrefintCmd), (88 bytes).
    Removing stm32f0xx_adc.o(i.ADC_WaitModeCmd), (96 bytes).
    Removing stm32f0xx_can.o(.rev16_text), (4 bytes).
    Removing stm32f0xx_can.o(.revsh_text), (4 bytes).
    Removing stm32f0xx_can.o(i.CAN_CancelTransmit), (120 bytes).
    Removing stm32f0xx_can.o(i.CAN_ClearFlag), (220 bytes).
    Removing stm32f0xx_can.o(i.CAN_ClearITPendingBit), (312 bytes).
    Removing stm32f0xx_can.o(i.CAN_DBGFreeze), (96 bytes).
    Removing stm32f0xx_can.o(i.CAN_FIFORelease), (96 bytes).
    Removing stm32f0xx_can.o(i.CAN_GetLSBTransmitErrorCounter), (64 bytes).
    Removing stm32f0xx_can.o(i.CAN_GetLastErrorCode), (64 bytes).
    Removing stm32f0xx_can.o(i.CAN_GetReceiveErrorCounter), (60 bytes).
    Removing stm32f0xx_can.o(i.CAN_MessagePending), (104 bytes).
    Removing stm32f0xx_can.o(i.CAN_OperatingModeRequest), (240 bytes).
    Removing stm32f0xx_can.o(i.CAN_SlaveStartBank), (100 bytes).
    Removing stm32f0xx_can.o(i.CAN_Sleep), (80 bytes).
    Removing stm32f0xx_can.o(i.CAN_StructInit), (32 bytes).
    Removing stm32f0xx_can.o(i.CAN_TTComModeCmd), (196 bytes).
    Removing stm32f0xx_can.o(i.CAN_TransmitStatus), (236 bytes).
    Removing stm32f0xx_can.o(i.CAN_WakeUp), (96 bytes).
    Removing stm32f0xx_cec.o(.rev16_text), (4 bytes).
    Removing stm32f0xx_cec.o(.revsh_text), (4 bytes).
    Removing stm32f0xx_cec.o(i.CEC_ClearFlag), (60 bytes).
    Removing stm32f0xx_cec.o(i.CEC_ClearITPendingBit), (60 bytes).
    Removing stm32f0xx_cec.o(i.CEC_Cmd), (80 bytes).
    Removing stm32f0xx_cec.o(i.CEC_DeInit), (22 bytes).
    Removing stm32f0xx_cec.o(i.CEC_EndOfMessage), (20 bytes).
    Removing stm32f0xx_cec.o(i.CEC_GetFlagStatus), (128 bytes).
    Removing stm32f0xx_cec.o(i.CEC_GetITStatus), (144 bytes).
    Removing stm32f0xx_cec.o(i.CEC_ITConfig), (108 bytes).
    Removing stm32f0xx_cec.o(i.CEC_Init), (272 bytes).
    Removing stm32f0xx_cec.o(i.CEC_ListenModeCmd), (80 bytes).
    Removing stm32f0xx_cec.o(i.CEC_OwnAddressClear), (12 bytes).
    Removing stm32f0xx_cec.o(i.CEC_OwnAddressConfig), (68 bytes).
    Removing stm32f0xx_cec.o(i.CEC_ReceiveData), (12 bytes).
    Removing stm32f0xx_cec.o(i.CEC_SendData), (12 bytes).
    Removing stm32f0xx_cec.o(i.CEC_StartOfMessage), (20 bytes).
    Removing stm32f0xx_cec.o(i.CEC_StructInit), (18 bytes).
    Removing stm32f0xx_comp.o(.rev16_text), (4 bytes).
    Removing stm32f0xx_comp.o(.revsh_text), (4 bytes).
    Removing stm32f0xx_comp.o(i.COMP_Cmd), (108 bytes).
    Removing stm32f0xx_comp.o(i.COMP_DeInit), (12 bytes).
    Removing stm32f0xx_comp.o(i.COMP_GetOutputLevel), (84 bytes).
    Removing stm32f0xx_comp.o(i.COMP_Init), (348 bytes).
    Removing stm32f0xx_comp.o(i.COMP_LockConfig), (72 bytes).
    Removing stm32f0xx_comp.o(i.COMP_StructInit), (16 bytes).
    Removing stm32f0xx_comp.o(i.COMP_SwitchCmd), (84 bytes).
    Removing stm32f0xx_comp.o(i.COMP_WindowCmd), (88 bytes).
    Removing stm32f0xx_crc.o(.rev16_text), (4 bytes).
    Removing stm32f0xx_crc.o(.revsh_text), (4 bytes).
    Removing stm32f0xx_crc.o(i.CRC_CalcCRC), (16 bytes).
    Removing stm32f0xx_crc.o(i.CRC_CalcCRC16bits), (16 bytes).
    Removing stm32f0xx_crc.o(i.CRC_CalcCRC8bits), (16 bytes).
    Removing stm32f0xx_crc.o(i.CRC_DeInit), (36 bytes).
    Removing stm32f0xx_crc.o(i.CRC_GetCRC), (12 bytes).
    Removing stm32f0xx_crc.o(i.CRC_GetIDRegister), (12 bytes).
    Removing stm32f0xx_crc.o(i.CRC_PolynomialSizeSelect), (80 bytes).
    Removing stm32f0xx_crc.o(i.CRC_ResetDR), (20 bytes).
    Removing stm32f0xx_crc.o(i.CRC_ReverseInputDataSelect), (80 bytes).
    Removing stm32f0xx_crc.o(i.CRC_ReverseOutputDataCmd), (80 bytes).
    Removing stm32f0xx_crc.o(i.CRC_SetIDRegister), (12 bytes).
    Removing stm32f0xx_crc.o(i.CRC_SetInitRegister), (12 bytes).
    Removing stm32f0xx_crc.o(i.CRC_SetPolynomial), (12 bytes).
    Removing stm32f0xx_crs.o(.rev16_text), (4 bytes).
    Removing stm32f0xx_crs.o(.revsh_text), (4 bytes).
    Removing stm32f0xx_crs.o(i.CRS_AdjustHSI48CalibrationValue), (32 bytes).
    Removing stm32f0xx_crs.o(i.CRS_AutomaticCalibrationCmd), (80 bytes).
    Removing stm32f0xx_crs.o(i.CRS_ClearFlag), (112 bytes).
    Removing stm32f0xx_crs.o(i.CRS_ClearITPendingBit), (80 bytes).
    Removing stm32f0xx_crs.o(i.CRS_DeInit), (22 bytes).
    Removing stm32f0xx_crs.o(i.CRS_FrequencyErrorCounterCmd), (80 bytes).
    Removing stm32f0xx_crs.o(i.CRS_FrequencyErrorCounterReload), (28 bytes).
    Removing stm32f0xx_crs.o(i.CRS_FrequencyErrorLimitConfig), (28 bytes).
    Removing stm32f0xx_crs.o(i.CRS_GetFlagStatus), (88 bytes).
    Removing stm32f0xx_crs.o(i.CRS_GetFrequencyErrorDirection), (16 bytes).
    Removing stm32f0xx_crs.o(i.CRS_GetFrequencyErrorValue), (16 bytes).
    Removing stm32f0xx_crs.o(i.CRS_GetHSI48CalibrationValue), (20 bytes).
    Removing stm32f0xx_crs.o(i.CRS_GetITStatus), (88 bytes).
    Removing stm32f0xx_crs.o(i.CRS_GetReloadValue), (12 bytes).
    Removing stm32f0xx_crs.o(i.CRS_ITConfig), (108 bytes).
    Removing stm32f0xx_crs.o(i.CRS_SoftwareSynchronizationGenerate), (20 bytes).
    Removing stm32f0xx_crs.o(i.CRS_SynchronizationPolarityConfig), (76 bytes).
    Removing stm32f0xx_crs.o(i.CRS_SynchronizationPrescalerConfig), (120 bytes).
    Removing stm32f0xx_crs.o(i.CRS_SynchronizationSourceConfig), (80 bytes).
    Removing stm32f0xx_dbgmcu.o(.rev16_text), (4 bytes).
    Removing stm32f0xx_dbgmcu.o(.revsh_text), (4 bytes).
    Removing stm32f0xx_dbgmcu.o(i.DBGMCU_APB1PeriphConfig), (108 bytes).
    Removing stm32f0xx_dbgmcu.o(i.DBGMCU_APB2PeriphConfig), (108 bytes).
    Removing stm32f0xx_dbgmcu.o(i.DBGMCU_Config), (104 bytes).
    Removing stm32f0xx_dbgmcu.o(i.DBGMCU_GetDEVID), (16 bytes).
    Removing stm32f0xx_dbgmcu.o(i.DBGMCU_GetREVID), (12 bytes).
    Removing stm32f0xx_dma.o(.rev16_text), (4 bytes).
    Removing stm32f0xx_dma.o(.revsh_text), (4 bytes).
    Removing stm32f0xx_dma.o(i.DMA_ClearFlag), (92 bytes).
    Removing stm32f0xx_dma.o(i.DMA_ClearITPendingBit), (92 bytes).
    Removing stm32f0xx_dma.o(i.DMA_Cmd), (188 bytes).
    Removing stm32f0xx_dma.o(i.DMA_DeInit), (480 bytes).
    Removing stm32f0xx_dma.o(i.DMA_GetCurrDataCounter), (144 bytes).
    Removing stm32f0xx_dma.o(i.DMA_GetFlagStatus), (424 bytes).
    Removing stm32f0xx_dma.o(i.DMA_GetITStatus), (424 bytes).
    Removing stm32f0xx_dma.o(i.DMA_ITConfig), (208 bytes).
    Removing stm32f0xx_dma.o(i.DMA_Init), (448 bytes).
    Removing stm32f0xx_dma.o(i.DMA_RemapConfig), (1356 bytes).
    Removing stm32f0xx_dma.o(i.DMA_SetCurrDataCounter), (144 bytes).
    Removing stm32f0xx_dma.o(i.DMA_StructInit), (26 bytes).
    Removing stm32f0xx_exti.o(.rev16_text), (4 bytes).
    Removing stm32f0xx_exti.o(.revsh_text), (4 bytes).
    Removing stm32f0xx_exti.o(i.EXTI_ClearFlag), (64 bytes).
    Removing stm32f0xx_exti.o(i.EXTI_ClearITPendingBit), (64 bytes).
    Removing stm32f0xx_exti.o(i.EXTI_DeInit), (32 bytes).
    Removing stm32f0xx_exti.o(i.EXTI_GenerateSWInterrupt), (68 bytes).
    Removing stm32f0xx_exti.o(i.EXTI_GetFlagStatus), (220 bytes).
    Removing stm32f0xx_exti.o(i.EXTI_GetITStatus), (220 bytes).
    Removing stm32f0xx_exti.o(i.EXTI_Init), (264 bytes).
    Removing stm32f0xx_exti.o(i.EXTI_StructInit), (16 bytes).
    Removing stm32f0xx_flash.o(.rev16_text), (4 bytes).
    Removing stm32f0xx_flash.o(.revsh_text), (4 bytes).
    Removing stm32f0xx_flash.o(i.FLASH_ClearFlag), (68 bytes).
    Removing stm32f0xx_flash.o(i.FLASH_EraseAllPages), (72 bytes).
    Removing stm32f0xx_flash.o(i.FLASH_ErasePage), (128 bytes).
    Removing stm32f0xx_flash.o(i.FLASH_GetFlagStatus), (84 bytes).
    Removing stm32f0xx_flash.o(i.FLASH_GetPrefetchBufferStatus), (28 bytes).
    Removing stm32f0xx_flash.o(i.FLASH_GetStatus), (60 bytes).
    Removing stm32f0xx_flash.o(i.FLASH_ITConfig), (112 bytes).
    Removing stm32f0xx_flash.o(i.FLASH_Lock), (20 bytes).
    Removing stm32f0xx_flash.o(i.FLASH_OB_BOOT0Config), (124 bytes).
    Removing stm32f0xx_flash.o(i.FLASH_OB_BOOT0SWConfig), (124 bytes).
    Removing stm32f0xx_flash.o(i.FLASH_OB_BOOTConfig), (124 bytes).
    Removing stm32f0xx_flash.o(i.FLASH_OB_EnableWRP), (224 bytes).
    Removing stm32f0xx_flash.o(i.FLASH_OB_Erase), (152 bytes).
    Removing stm32f0xx_flash.o(i.FLASH_OB_GetRDP), (28 bytes).
    Removing stm32f0xx_flash.o(i.FLASH_OB_GetUser), (16 bytes).
    Removing stm32f0xx_flash.o(i.FLASH_OB_GetWRP), (12 bytes).
    Removing stm32f0xx_flash.o(i.FLASH_OB_Launch), (20 bytes).
    Removing stm32f0xx_flash.o(i.FLASH_OB_Lock), (20 bytes).
    Removing stm32f0xx_flash.o(i.FLASH_OB_ProgramData), (124 bytes).
    Removing stm32f0xx_flash.o(i.FLASH_OB_RDPConfig), (188 bytes).
    Removing stm32f0xx_flash.o(i.FLASH_OB_SRAMParityConfig), (124 bytes).
    Removing stm32f0xx_flash.o(i.FLASH_OB_Unlock), (40 bytes).
    Removing stm32f0xx_flash.o(i.FLASH_OB_UserConfig), (176 bytes).
    Removing stm32f0xx_flash.o(i.FLASH_OB_VDDAConfig), (124 bytes).
    Removing stm32f0xx_flash.o(i.FLASH_OB_WriteUser), (76 bytes).
    Removing stm32f0xx_flash.o(i.FLASH_PrefetchBufferCmd), (84 bytes).
    Removing stm32f0xx_flash.o(i.FLASH_ProgramHalfWord), (120 bytes).
    Removing stm32f0xx_flash.o(i.FLASH_ProgramWord), (160 bytes).
    Removing stm32f0xx_flash.o(i.FLASH_SetLatency), (72 bytes).
    Removing stm32f0xx_flash.o(i.FLASH_Unlock), (36 bytes).
    Removing stm32f0xx_flash.o(i.FLASH_WaitForLastOperation), (40 bytes).
    Removing stm32f0xx_gpio.o(.rev16_text), (4 bytes).
    Removing stm32f0xx_gpio.o(.revsh_text), (4 bytes).
    Removing stm32f0xx_gpio.o(i.GPIO_DeInit), (248 bytes).
    Removing stm32f0xx_gpio.o(i.GPIO_PinLockConfig), (104 bytes).
    Removing stm32f0xx_gpio.o(i.GPIO_ReadInputData), (104 bytes).
    Removing stm32f0xx_gpio.o(i.GPIO_ReadInputDataBit), (216 bytes).
    Removing stm32f0xx_gpio.o(i.GPIO_ReadOutputData), (104 bytes).
    Removing stm32f0xx_gpio.o(i.GPIO_ReadOutputDataBit), (216 bytes).
    Removing stm32f0xx_gpio.o(i.GPIO_ResetBits), (120 bytes).
    Removing stm32f0xx_gpio.o(i.GPIO_StructInit), (24 bytes).
    Removing stm32f0xx_gpio.o(i.GPIO_Write), (104 bytes).
    Removing stm32f0xx_gpio.o(i.GPIO_WriteBit), (228 bytes).
    Removing stm32f0xx_i2c.o(.rev16_text), (4 bytes).
    Removing stm32f0xx_i2c.o(.revsh_text), (4 bytes).
    Removing stm32f0xx_i2c.o(i.I2C_10BitAddressHeaderCmd), (108 bytes).
    Removing stm32f0xx_i2c.o(i.I2C_10BitAddressingModeCmd), (108 bytes).
    Removing stm32f0xx_i2c.o(i.I2C_AcknowledgeConfig), (108 bytes).
    Removing stm32f0xx_i2c.o(i.I2C_AutoEndCmd), (108 bytes).
    Removing stm32f0xx_i2c.o(i.I2C_CalculatePEC), (100 bytes).
    Removing stm32f0xx_i2c.o(i.I2C_ClearFlag), (92 bytes).
    Removing stm32f0xx_i2c.o(i.I2C_ClearITPendingBit), (92 bytes).
    Removing stm32f0xx_i2c.o(i.I2C_ClockTimeoutCmd), (100 bytes).
    Removing stm32f0xx_i2c.o(i.I2C_Cmd), (104 bytes).
    Removing stm32f0xx_i2c.o(i.I2C_DMACmd), (132 bytes).
    Removing stm32f0xx_i2c.o(i.I2C_DeInit), (100 bytes).
    Removing stm32f0xx_i2c.o(i.I2C_DualAddressCmd), (108 bytes).
    Removing stm32f0xx_i2c.o(i.I2C_ExtendedClockTimeoutCmd), (96 bytes).
    Removing stm32f0xx_i2c.o(i.I2C_GeneralCallCmd), (108 bytes).
    Removing stm32f0xx_i2c.o(i.I2C_GenerateSTART), (108 bytes).
    Removing stm32f0xx_i2c.o(i.I2C_GenerateSTOP), (108 bytes).
    Removing stm32f0xx_i2c.o(i.I2C_GetAddressMatched), (72 bytes).
    Removing stm32f0xx_i2c.o(i.I2C_GetFlagStatus), (176 bytes).
    Removing stm32f0xx_i2c.o(i.I2C_GetITStatus), (220 bytes).
    Removing stm32f0xx_i2c.o(i.I2C_GetPEC), (56 bytes).
    Removing stm32f0xx_i2c.o(i.I2C_GetTransferDirection), (88 bytes).
    Removing stm32f0xx_i2c.o(i.I2C_ITConfig), (128 bytes).
    Removing stm32f0xx_i2c.o(i.I2C_IdleClockTimeoutCmd), (100 bytes).
    Removing stm32f0xx_i2c.o(i.I2C_Init), (308 bytes).
    Removing stm32f0xx_i2c.o(i.I2C_MasterRequestConfig), (112 bytes).
    Removing stm32f0xx_i2c.o(i.I2C_NumberOfBytesConfig), (84 bytes).
    Removing stm32f0xx_i2c.o(i.I2C_OwnAddress2Config), (156 bytes).
    Removing stm32f0xx_i2c.o(i.I2C_PECRequestCmd), (100 bytes).
    Removing stm32f0xx_i2c.o(i.I2C_ReadRegister), (136 bytes).
    Removing stm32f0xx_i2c.o(i.I2C_ReceiveData), (64 bytes).
    Removing stm32f0xx_i2c.o(i.I2C_ReloadCmd), (108 bytes).
    Removing stm32f0xx_i2c.o(i.I2C_SMBusAlertCmd), (100 bytes).
    Removing stm32f0xx_i2c.o(i.I2C_SendData), (64 bytes).
    Removing stm32f0xx_i2c.o(i.I2C_SlaveAddressConfig), (100 bytes).
    Removing stm32f0xx_i2c.o(i.I2C_SlaveByteControlCmd), (108 bytes).
    Removing stm32f0xx_i2c.o(i.I2C_SoftwareResetCmd), (76 bytes).
    Removing stm32f0xx_i2c.o(i.I2C_StopModeCmd), (96 bytes).
    Removing stm32f0xx_i2c.o(i.I2C_StretchClockCmd), (108 bytes).
    Removing stm32f0xx_i2c.o(i.I2C_StructInit), (24 bytes).
    Removing stm32f0xx_i2c.o(i.I2C_TimeoutAConfig), (92 bytes).
    Removing stm32f0xx_i2c.o(i.I2C_TimeoutBConfig), (100 bytes).
    Removing stm32f0xx_i2c.o(i.I2C_TransferHandling), (212 bytes).
    Removing stm32f0xx_iwdg.o(.rev16_text), (4 bytes).
    Removing stm32f0xx_iwdg.o(.revsh_text), (4 bytes).
    Removing stm32f0xx_iwdg.o(i.IWDG_Enable), (16 bytes).
    Removing stm32f0xx_iwdg.o(i.IWDG_GetFlagStatus), (80 bytes).
    Removing stm32f0xx_iwdg.o(i.IWDG_ReloadCounter), (16 bytes).
    Removing stm32f0xx_iwdg.o(i.IWDG_SetPrescaler), (76 bytes).
    Removing stm32f0xx_iwdg.o(i.IWDG_SetReload), (60 bytes).
    Removing stm32f0xx_iwdg.o(i.IWDG_SetWindowValue), (60 bytes).
    Removing stm32f0xx_iwdg.o(i.IWDG_WriteAccessCmd), (64 bytes).
    Removing stm32f0xx_misc.o(.rev16_text), (4 bytes).
    Removing stm32f0xx_misc.o(.revsh_text), (4 bytes).
    Removing stm32f0xx_misc.o(i.NVIC_SystemLPConfig), (104 bytes).
    Removing stm32f0xx_misc.o(i.SysTick_CLKSourceConfig), (84 bytes).
    Removing stm32f0xx_pwr.o(.rev16_text), (4 bytes).
    Removing stm32f0xx_pwr.o(.revsh_text), (4 bytes).
    Removing stm32f0xx_pwr.o(i.PWR_BackupAccessCmd), (84 bytes).
    Removing stm32f0xx_pwr.o(i.PWR_ClearFlag), (64 bytes).
    Removing stm32f0xx_pwr.o(i.PWR_DeInit), (22 bytes).
    Removing stm32f0xx_pwr.o(i.PWR_EnterSTANDBYMode), (36 bytes).
    Removing stm32f0xx_pwr.o(i.PWR_EnterSTOPMode), (164 bytes).
    Removing stm32f0xx_pwr.o(i.PWR_EnterSleepMode), (76 bytes).
    Removing stm32f0xx_pwr.o(i.PWR_GetFlagStatus), (80 bytes).
    Removing stm32f0xx_pwr.o(i.PWR_PVDCmd), (80 bytes).
    Removing stm32f0xx_pwr.o(i.PWR_PVDLevelConfig), (96 bytes).
    Removing stm32f0xx_pwr.o(i.PWR_WakeUpPinCmd), (136 bytes).
    Removing stm32f0xx_rcc.o(.rev16_text), (4 bytes).
    Removing stm32f0xx_rcc.o(.revsh_text), (4 bytes).
    Removing stm32f0xx_rcc.o(i.RCC_ADCCLKConfig), (116 bytes).
    Removing stm32f0xx_rcc.o(i.RCC_AHBPeriphResetCmd), (108 bytes).
    Removing stm32f0xx_rcc.o(i.RCC_APB2PeriphResetCmd), (108 bytes).
    Removing stm32f0xx_rcc.o(i.RCC_AdjustHSI14CalibrationValue), (68 bytes).
    Removing stm32f0xx_rcc.o(i.RCC_AdjustHSICalibrationValue), (68 bytes).
    Removing stm32f0xx_rcc.o(i.RCC_BackupResetCmd), (84 bytes).
    Removing stm32f0xx_rcc.o(i.RCC_CECCLKConfig), (72 bytes).
    Removing stm32f0xx_rcc.o(i.RCC_ClearFlag), (20 bytes).
    Removing stm32f0xx_rcc.o(i.RCC_ClearITPendingBit), (52 bytes).
    Removing stm32f0xx_rcc.o(i.RCC_ClockSecuritySystemCmd), (88 bytes).
    Removing stm32f0xx_rcc.o(i.RCC_DeInit), (120 bytes).
    Removing stm32f0xx_rcc.o(i.RCC_GetClocksFreq), (584 bytes).
    Removing stm32f0xx_rcc.o(i.RCC_GetFlagStatus), (168 bytes).
    Removing stm32f0xx_rcc.o(i.RCC_GetITStatus), (96 bytes).
    Removing stm32f0xx_rcc.o(i.RCC_GetSYSCLKSource), (16 bytes).
    Removing stm32f0xx_rcc.o(i.RCC_HCLKConfig), (104 bytes).
    Removing stm32f0xx_rcc.o(i.RCC_HSEConfig), (64 bytes).
    Removing stm32f0xx_rcc.o(i.RCC_HSI14ADCRequestCmd), (80 bytes).
    Removing stm32f0xx_rcc.o(i.RCC_HSI14Cmd), (80 bytes).
    Removing stm32f0xx_rcc.o(i.RCC_HSI48Cmd), (88 bytes).
    Removing stm32f0xx_rcc.o(i.RCC_HSICmd), (80 bytes).
    Removing stm32f0xx_rcc.o(i.RCC_I2CCLKConfig), (72 bytes).
    Removing stm32f0xx_rcc.o(i.RCC_ITConfig), (104 bytes).
    Removing stm32f0xx_rcc.o(i.RCC_LSEConfig), (88 bytes).
    Removing stm32f0xx_rcc.o(i.RCC_LSEDriveConfig), (80 bytes).
    Removing stm32f0xx_rcc.o(i.RCC_LSICmd), (80 bytes).
    Removing stm32f0xx_rcc.o(i.RCC_MCOConfig), (176 bytes).
    Removing stm32f0xx_rcc.o(i.RCC_PCLKConfig), (108 bytes).
    Removing stm32f0xx_rcc.o(i.RCC_PLLCmd), (88 bytes).
    Removing stm32f0xx_rcc.o(i.RCC_PLLConfig), (228 bytes).
    Removing stm32f0xx_rcc.o(i.RCC_PREDIV1Config), (128 bytes).
    Removing stm32f0xx_rcc.o(i.RCC_RTCCLKCmd), (88 bytes).
    Removing stm32f0xx_rcc.o(i.RCC_RTCCLKConfig), (76 bytes).
    Removing stm32f0xx_rcc.o(i.RCC_SYSCLKConfig), (80 bytes).
    Removing stm32f0xx_rcc.o(i.RCC_USARTCLKConfig), (208 bytes).
    Removing stm32f0xx_rcc.o(i.RCC_USBCLKConfig), (72 bytes).
    Removing stm32f0xx_rcc.o(i.RCC_WaitForHSEStartUp), (60 bytes).
    Removing stm32f0xx_rcc.o(.data), (16 bytes).
    Removing stm32f0xx_rtc.o(.rev16_text), (4 bytes).
    Removing stm32f0xx_rtc.o(.revsh_text), (4 bytes).
    Removing stm32f0xx_rtc.o(i.RTC_AlarmCmd), (180 bytes).
    Removing stm32f0xx_rtc.o(i.RTC_AlarmStructInit), (22 bytes).
    Removing stm32f0xx_rtc.o(i.RTC_AlarmSubSecondConfig), (184 bytes).
    Removing stm32f0xx_rtc.o(i.RTC_Bcd2ToByte), (26 bytes).
    Removing stm32f0xx_rtc.o(i.RTC_BypassShadowCmd), (100 bytes).
    Removing stm32f0xx_rtc.o(i.RTC_ByteToBcd2), (28 bytes).
    Removing stm32f0xx_rtc.o(i.RTC_CalibOutputCmd), (104 bytes).
    Removing stm32f0xx_rtc.o(i.RTC_CalibOutputConfig), (92 bytes).
    Removing stm32f0xx_rtc.o(i.RTC_ClearFlag), (84 bytes).
    Removing stm32f0xx_rtc.o(i.RTC_ClearITPendingBit), (88 bytes).
    Removing stm32f0xx_rtc.o(i.RTC_DateStructInit), (14 bytes).
    Removing stm32f0xx_rtc.o(i.RTC_DayLightSavingConfig), (128 bytes).
    Removing stm32f0xx_rtc.o(i.RTC_DeInit), (116 bytes).
    Removing stm32f0xx_rtc.o(i.RTC_EnterInitMode), (88 bytes).
    Removing stm32f0xx_rtc.o(i.RTC_ExitInitMode), (20 bytes).
    Removing stm32f0xx_rtc.o(i.RTC_GetAlarm), (184 bytes).
    Removing stm32f0xx_rtc.o(i.RTC_GetAlarmSubSecond), (20 bytes).
    Removing stm32f0xx_rtc.o(i.RTC_GetDate), (136 bytes).
    Removing stm32f0xx_rtc.o(i.RTC_GetFlagStatus), (148 bytes).
    Removing stm32f0xx_rtc.o(i.RTC_GetITStatus), (152 bytes).
    Removing stm32f0xx_rtc.o(i.RTC_GetStoreOperation), (16 bytes).
    Removing stm32f0xx_rtc.o(i.RTC_GetSubSecond), (16 bytes).
    Removing stm32f0xx_rtc.o(i.RTC_GetTime), (132 bytes).
    Removing stm32f0xx_rtc.o(i.RTC_GetTimeStamp), (216 bytes).
    Removing stm32f0xx_rtc.o(i.RTC_GetTimeStampSubSecond), (12 bytes).
    Removing stm32f0xx_rtc.o(i.RTC_GetWakeUpCounter), (12 bytes).
    Removing stm32f0xx_rtc.o(i.RTC_ITConfig), (172 bytes).
    Removing stm32f0xx_rtc.o(i.RTC_Init), (176 bytes).
    Removing stm32f0xx_rtc.o(i.RTC_OutputConfig), (132 bytes).
    Removing stm32f0xx_rtc.o(i.RTC_OutputTypeConfig), (80 bytes).
    Removing stm32f0xx_rtc.o(i.RTC_ReadBackupRegister), (84 bytes).
    Removing stm32f0xx_rtc.o(i.RTC_RefClockCmd), (120 bytes).
    Removing stm32f0xx_rtc.o(i.RTC_SetAlarm), (676 bytes).
    Removing stm32f0xx_rtc.o(i.RTC_SetDate), (428 bytes).
    Removing stm32f0xx_rtc.o(i.RTC_SetTime), (464 bytes).
    Removing stm32f0xx_rtc.o(i.RTC_SetWakeUpCounter), (72 bytes).
    Removing stm32f0xx_rtc.o(i.RTC_SmoothCalibConfig), (208 bytes).
    Removing stm32f0xx_rtc.o(i.RTC_StructInit), (14 bytes).
    Removing stm32f0xx_rtc.o(i.RTC_SynchroShiftConfig), (192 bytes).
    Removing stm32f0xx_rtc.o(i.RTC_TamperCmd), (108 bytes).
    Removing stm32f0xx_rtc.o(i.RTC_TamperFilterConfig), (92 bytes).
    Removing stm32f0xx_rtc.o(i.RTC_TamperPinsPrechargeDuration), (92 bytes).
    Removing stm32f0xx_rtc.o(i.RTC_TamperPullUpCmd), (88 bytes).
    Removing stm32f0xx_rtc.o(i.RTC_TamperSamplingFreqConfig), (124 bytes).
    Removing stm32f0xx_rtc.o(i.RTC_TamperTriggerConfig), (120 bytes).
    Removing stm32f0xx_rtc.o(i.RTC_TimeStampCmd), (132 bytes).
    Removing stm32f0xx_rtc.o(i.RTC_TimeStampOnTamperDetectionCmd), (80 bytes).
    Removing stm32f0xx_rtc.o(i.RTC_TimeStructInit), (12 bytes).
    Removing stm32f0xx_rtc.o(i.RTC_WaitForSynchro), (108 bytes).
    Removing stm32f0xx_rtc.o(i.RTC_WakeUpClockConfig), (100 bytes).
    Removing stm32f0xx_rtc.o(i.RTC_WakeUpCmd), (160 bytes).
    Removing stm32f0xx_rtc.o(i.RTC_WriteBackupRegister), (88 bytes).
    Removing stm32f0xx_rtc.o(i.RTC_WriteProtectionCmd), (72 bytes).
    Removing stm32f0xx_syscfg.o(.rev16_text), (4 bytes).
    Removing stm32f0xx_syscfg.o(.revsh_text), (4 bytes).
    Removing stm32f0xx_syscfg.o(i.SYSCFG_BreakConfig), (68 bytes).
    Removing stm32f0xx_syscfg.o(i.SYSCFG_ClearFlag), (64 bytes).
    Removing stm32f0xx_syscfg.o(i.SYSCFG_DMAChannelRemapConfig), (176 bytes).
    Removing stm32f0xx_syscfg.o(i.SYSCFG_DeInit), (44 bytes).
    Removing stm32f0xx_syscfg.o(i.SYSCFG_EXTILineConfig), (200 bytes).
    Removing stm32f0xx_syscfg.o(i.SYSCFG_GetFlagStatus), (80 bytes).
    Removing stm32f0xx_syscfg.o(i.SYSCFG_GetPendingIT), (636 bytes).
    Removing stm32f0xx_syscfg.o(i.SYSCFG_I2CFastModePlusConfig), (140 bytes).
    Removing stm32f0xx_syscfg.o(i.SYSCFG_IRDAEnvSelection), (76 bytes).
    Removing stm32f0xx_syscfg.o(i.SYSCFG_MemoryRemapConfig), (76 bytes).
    Removing stm32f0xx_tim.o(.rev16_text), (4 bytes).
    Removing stm32f0xx_tim.o(.revsh_text), (4 bytes).
    Removing stm32f0xx_tim.o(i.TI1_Config), (56 bytes).
    Removing stm32f0xx_tim.o(i.TI2_Config), (76 bytes).
    Removing stm32f0xx_tim.o(i.TI3_Config), (72 bytes).
    Removing stm32f0xx_tim.o(i.TI4_Config), (80 bytes).
    Removing stm32f0xx_tim.o(i.TIM_ARRPreloadConfig), (176 bytes).
    Removing stm32f0xx_tim.o(i.TIM_BDTRConfig), (300 bytes).
    Removing stm32f0xx_tim.o(i.TIM_BDTRStructInit), (18 bytes).
    Removing stm32f0xx_tim.o(i.TIM_CCPreloadControl), (128 bytes).
    Removing stm32f0xx_tim.o(i.TIM_CCxCmd), (160 bytes).
    Removing stm32f0xx_tim.o(i.TIM_CCxNCmd), (156 bytes).
    Removing stm32f0xx_tim.o(i.TIM_ClearITPendingBit), (160 bytes).
    Removing stm32f0xx_tim.o(i.TIM_ClearOC1Ref), (152 bytes).
    Removing stm32f0xx_tim.o(i.TIM_ClearOC2Ref), (116 bytes).
    Removing stm32f0xx_tim.o(i.TIM_ClearOC3Ref), (112 bytes).
    Removing stm32f0xx_tim.o(i.TIM_ClearOC4Ref), (108 bytes).
    Removing stm32f0xx_tim.o(i.TIM_CounterModeConfig), (120 bytes).
    Removing stm32f0xx_tim.o(i.TIM_CtrlPWMOutputs), (136 bytes).
    Removing stm32f0xx_tim.o(i.TIM_DMACmd), (188 bytes).
    Removing stm32f0xx_tim.o(i.TIM_DMAConfig), (364 bytes).
    Removing stm32f0xx_tim.o(i.TIM_DeInit), (348 bytes).
    Removing stm32f0xx_tim.o(i.TIM_ETRClockMode1Config), (196 bytes).
    Removing stm32f0xx_tim.o(i.TIM_ETRClockMode2Config), (176 bytes).
    Removing stm32f0xx_tim.o(i.TIM_ETRConfig), (176 bytes).
    Removing stm32f0xx_tim.o(i.TIM_EncoderInterfaceConfig), (240 bytes).
    Removing stm32f0xx_tim.o(i.TIM_ForcedOC1Config), (152 bytes).
    Removing stm32f0xx_tim.o(i.TIM_ForcedOC2Config), (120 bytes).
    Removing stm32f0xx_tim.o(i.TIM_ForcedOC3Config), (112 bytes).
    Removing stm32f0xx_tim.o(i.TIM_ForcedOC4Config), (112 bytes).
    Removing stm32f0xx_tim.o(i.TIM_GenerateEvent), (160 bytes).
    Removing stm32f0xx_tim.o(i.TIM_GetCapture1), (112 bytes).
    Removing stm32f0xx_tim.o(i.TIM_GetCapture2), (80 bytes).
    Removing stm32f0xx_tim.o(i.TIM_GetCapture3), (72 bytes).
    Removing stm32f0xx_tim.o(i.TIM_GetCapture4), (72 bytes).
    Removing stm32f0xx_tim.o(i.TIM_GetCounter), (128 bytes).
    Removing stm32f0xx_tim.o(i.TIM_GetITStatus), (216 bytes).
    Removing stm32f0xx_tim.o(i.TIM_GetPrescaler), (128 bytes).
    Removing stm32f0xx_tim.o(i.TIM_ICInit), (524 bytes).
    Removing stm32f0xx_tim.o(i.TIM_ICStructInit), (18 bytes).
    Removing stm32f0xx_tim.o(i.TIM_ITRxExternalClockConfig), (124 bytes).
    Removing stm32f0xx_tim.o(i.TIM_InternalClockConfig), (92 bytes).
    Removing stm32f0xx_tim.o(i.TIM_OC1FastConfig), (152 bytes).
    Removing stm32f0xx_tim.o(i.TIM_OC1Init), (460 bytes).
    Removing stm32f0xx_tim.o(i.TIM_OC1NPolarityConfig), (124 bytes).
    Removing stm32f0xx_tim.o(i.TIM_OC1PolarityConfig), (152 bytes).
    Removing stm32f0xx_tim.o(i.TIM_OC1PreloadConfig), (152 bytes).
    Removing stm32f0xx_tim.o(i.TIM_OC2FastConfig), (120 bytes).
    Removing stm32f0xx_tim.o(i.TIM_OC2Init), (456 bytes).
    Removing stm32f0xx_tim.o(i.TIM_OC2NPolarityConfig), (92 bytes).
    Removing stm32f0xx_tim.o(i.TIM_OC2PolarityConfig), (120 bytes).
    Removing stm32f0xx_tim.o(i.TIM_OC2PreloadConfig), (120 bytes).
    Removing stm32f0xx_tim.o(i.TIM_OC3FastConfig), (112 bytes).
    Removing stm32f0xx_tim.o(i.TIM_OC3Init), (432 bytes).
    Removing stm32f0xx_tim.o(i.TIM_OC3NPolarityConfig), (92 bytes).
    Removing stm32f0xx_tim.o(i.TIM_OC3PolarityConfig), (112 bytes).
    Removing stm32f0xx_tim.o(i.TIM_OC3PreloadConfig), (112 bytes).
    Removing stm32f0xx_tim.o(i.TIM_OC4FastConfig), (112 bytes).
    Removing stm32f0xx_tim.o(i.TIM_OC4Init), (312 bytes).
    Removing stm32f0xx_tim.o(i.TIM_OC4PolarityConfig), (112 bytes).
    Removing stm32f0xx_tim.o(i.TIM_OC4PreloadConfig), (112 bytes).
    Removing stm32f0xx_tim.o(i.TIM_OCStructInit), (20 bytes).
    Removing stm32f0xx_tim.o(i.TIM_PWMIConfig), (196 bytes).
    Removing stm32f0xx_tim.o(i.TIM_PrescalerConfig), (156 bytes).
    Removing stm32f0xx_tim.o(i.TIM_RemapConfig), (84 bytes).
    Removing stm32f0xx_tim.o(i.TIM_SelectCCDMA), (148 bytes).
    Removing stm32f0xx_tim.o(i.TIM_SelectCOM), (128 bytes).
    Removing stm32f0xx_tim.o(i.TIM_SelectHallSensor), (116 bytes).
    Removing stm32f0xx_tim.o(i.TIM_SelectInputTrigger), (144 bytes).
    Removing stm32f0xx_tim.o(i.TIM_SelectMasterSlaveMode), (120 bytes).
    Removing stm32f0xx_tim.o(i.TIM_SelectOCREFClear), (108 bytes).
    Removing stm32f0xx_tim.o(i.TIM_SelectOCxM), (240 bytes).
    Removing stm32f0xx_tim.o(i.TIM_SelectOnePulseMode), (168 bytes).
    Removing stm32f0xx_tim.o(i.TIM_SelectSlaveMode), (128 bytes).
    Removing stm32f0xx_tim.o(i.TIM_SetAutoreload), (132 bytes).
    Removing stm32f0xx_tim.o(i.TIM_SetClockDivision), (160 bytes).
    Removing stm32f0xx_tim.o(i.TIM_SetCompare1), (112 bytes).
    Removing stm32f0xx_tim.o(i.TIM_SetCompare2), (84 bytes).
    Removing stm32f0xx_tim.o(i.TIM_SetCompare3), (72 bytes).
    Removing stm32f0xx_tim.o(i.TIM_SetCompare4), (72 bytes).
    Removing stm32f0xx_tim.o(i.TIM_SetCounter), (132 bytes).
    Removing stm32f0xx_tim.o(i.TIM_SetIC1Prescaler), (156 bytes).
    Removing stm32f0xx_tim.o(i.TIM_SetIC2Prescaler), (132 bytes).
    Removing stm32f0xx_tim.o(i.TIM_SetIC3Prescaler), (116 bytes).
    Removing stm32f0xx_tim.o(i.TIM_SetIC4Prescaler), (120 bytes).
    Removing stm32f0xx_tim.o(i.TIM_TIxExternalClockConfig), (172 bytes).
    Removing stm32f0xx_tim.o(i.TIM_TimeBaseStructInit), (18 bytes).
    Removing stm32f0xx_tim.o(i.TIM_UpdateDisableConfig), (176 bytes).
    Removing stm32f0xx_tim.o(i.TIM_UpdateRequestConfig), (176 bytes).
    Removing stm32f0xx_usart.o(.rev16_text), (4 bytes).
    Removing stm32f0xx_usart.o(.revsh_text), (4 bytes).
    Removing stm32f0xx_usart.o(i.USART_AddressDetectionConfig), (160 bytes).
    Removing stm32f0xx_usart.o(i.USART_AutoBaudRateCmd), (124 bytes).
    Removing stm32f0xx_usart.o(i.USART_AutoBaudRateConfig), (116 bytes).
    Removing stm32f0xx_usart.o(i.USART_ClearFlag), (204 bytes).
    Removing stm32f0xx_usart.o(i.USART_ClearITPendingBit), (272 bytes).
    Removing stm32f0xx_usart.o(i.USART_ClockInit), (268 bytes).
    Removing stm32f0xx_usart.o(i.USART_ClockStructInit), (12 bytes).
    Removing stm32f0xx_usart.o(i.USART_Cmd), (168 bytes).
    Removing stm32f0xx_usart.o(i.USART_DECmd), (172 bytes).
    Removing stm32f0xx_usart.o(i.USART_DEPolarityConfig), (168 bytes).
    Removing stm32f0xx_usart.o(i.USART_DMACmd), (192 bytes).
    Removing stm32f0xx_usart.o(i.USART_DMAReceptionErrorConfig), (168 bytes).
    Removing stm32f0xx_usart.o(i.USART_DataInvCmd), (172 bytes).
    Removing stm32f0xx_usart.o(i.USART_DeInit), (320 bytes).
    Removing stm32f0xx_usart.o(i.USART_DirectionModeCmd), (192 bytes).
    Removing stm32f0xx_usart.o(i.USART_GetFlagStatus), (276 bytes).
    Removing stm32f0xx_usart.o(i.USART_GetITStatus), (360 bytes).
    Removing stm32f0xx_usart.o(i.USART_HalfDuplexCmd), (168 bytes).
    Removing stm32f0xx_usart.o(i.USART_ITConfig), (348 bytes).
    Removing stm32f0xx_usart.o(i.USART_Init), (556 bytes).
    Removing stm32f0xx_usart.o(i.USART_InvPinCmd), (196 bytes).
    Removing stm32f0xx_usart.o(i.USART_IrDACmd), (120 bytes).
    Removing stm32f0xx_usart.o(i.USART_IrDAConfig), (112 bytes).
    Removing stm32f0xx_usart.o(i.USART_LINBreakDetectLengthConfig), (112 bytes).
    Removing stm32f0xx_usart.o(i.USART_LINCmd), (124 bytes).
    Removing stm32f0xx_usart.o(i.USART_MSBFirstCmd), (172 bytes).
    Removing stm32f0xx_usart.o(i.USART_MuteModeCmd), (172 bytes).
    Removing stm32f0xx_usart.o(i.USART_MuteModeWakeUpConfig), (168 bytes).
    Removing stm32f0xx_usart.o(i.USART_OneBitMethodCmd), (172 bytes).
    Removing stm32f0xx_usart.o(i.USART_OverSampling8Cmd), (172 bytes).
    Removing stm32f0xx_usart.o(i.USART_OverrunDetectionConfig), (168 bytes).
    Removing stm32f0xx_usart.o(i.USART_ReceiveData), (128 bytes).
    Removing stm32f0xx_usart.o(i.USART_ReceiverTimeOutCmd), (124 bytes).
    Removing stm32f0xx_usart.o(i.USART_RequestCmd), (200 bytes).
    Removing stm32f0xx_usart.o(i.USART_STOPModeCmd), (120 bytes).
    Removing stm32f0xx_usart.o(i.USART_SWAPPinCmd), (172 bytes).
    Removing stm32f0xx_usart.o(i.USART_SendData), (156 bytes).
    Removing stm32f0xx_usart.o(i.USART_SetAddress), (140 bytes).
    Removing stm32f0xx_usart.o(i.USART_SetAutoRetryCount), (112 bytes).
    Removing stm32f0xx_usart.o(i.USART_SetBlockLength), (92 bytes).
    Removing stm32f0xx_usart.o(i.USART_SetDEAssertionTime), (160 bytes).
    Removing stm32f0xx_usart.o(i.USART_SetDEDeassertionTime), (160 bytes).
    Removing stm32f0xx_usart.o(i.USART_SetGuardTime), (92 bytes).
    Removing stm32f0xx_usart.o(i.USART_SetPrescaler), (92 bytes).
    Removing stm32f0xx_usart.o(i.USART_SetReceiverTimeOut), (112 bytes).
    Removing stm32f0xx_usart.o(i.USART_SmartCardCmd), (120 bytes).
    Removing stm32f0xx_usart.o(i.USART_SmartCardNACKCmd), (120 bytes).
    Removing stm32f0xx_usart.o(i.USART_StopModeWakeUpSourceConfig), (124 bytes).
    Removing stm32f0xx_usart.o(i.USART_StructInit), (24 bytes).
    Removing stm32f0xx_wwdg.o(.rev16_text), (4 bytes).
    Removing stm32f0xx_wwdg.o(.revsh_text), (4 bytes).
    Removing stm32f0xx_wwdg.o(i.WWDG_ClearFlag), (12 bytes).
    Removing stm32f0xx_wwdg.o(i.WWDG_DeInit), (22 bytes).
    Removing stm32f0xx_wwdg.o(i.WWDG_Enable), (60 bytes).
    Removing stm32f0xx_wwdg.o(i.WWDG_EnableIT), (20 bytes).
    Removing stm32f0xx_wwdg.o(i.WWDG_GetFlagStatus), (24 bytes).
    Removing stm32f0xx_wwdg.o(i.WWDG_SetCounter), (60 bytes).
    Removing stm32f0xx_wwdg.o(i.WWDG_SetPrescaler), (92 bytes).
    Removing stm32f0xx_wwdg.o(i.WWDG_SetWindowValue), (80 bytes).

528 unused section(s) (total 57962 bytes) removed from the image.

==============================================================================

Image Symbol Table

    Local Symbols

    Symbol Name                              Value     Ov Type        Size  Object(Section)

    ../clib/angel/boardlib.s                 0x00000000   Number         0  boardshut.o ABSOLUTE
    ../clib/angel/boardlib.s                 0x00000000   Number         0  boardinit3.o ABSOLUTE
    ../clib/angel/boardlib.s                 0x00000000   Number         0  boardinit2.o ABSOLUTE
    ../clib/angel/boardlib.s                 0x00000000   Number         0  boardinit1.o ABSOLUTE
    ../clib/angel/handlers.s                 0x00000000   Number         0  __scatter_copy.o ABSOLUTE
    ../clib/angel/handlers.s                 0x00000000   Number         0  __scatter_zi.o ABSOLUTE
    ../clib/angel/kernel.s                   0x00000000   Number         0  __rtentry2.o ABSOLUTE
    ../clib/angel/kernel.s                   0x00000000   Number         0  __rtentry.o ABSOLUTE
    ../clib/angel/kernel.s                   0x00000000   Number         0  __rtentry4.o ABSOLUTE
    ../clib/angel/kernel.s                   0x00000000   Number         0  rtexit2.o ABSOLUTE
    ../clib/angel/kernel.s                   0x00000000   Number         0  rtexit.o ABSOLUTE
    ../clib/angel/rt.s                       0x00000000   Number         0  aeabi_idiv0_sigfpe.o ABSOLUTE
    ../clib/angel/rt.s                       0x00000000   Number         0  aeabi_idiv0.o ABSOLUTE
    ../clib/angel/rt.s                       0x00000000   Number         0  rt_div0.o ABSOLUTE
    ../clib/angel/rt.s                       0x00000000   Number         0  rt_raise.o ABSOLUTE
    ../clib/angel/scatterp.s                 0x00000000   Number         0  __scatter.o ABSOLUTE
    ../clib/angel/startup.s                  0x00000000   Number         0  __main.o ABSOLUTE
    ../clib/angel/sys.s                      0x00000000   Number         0  indicate_semi.o ABSOLUTE
    ../clib/angel/sys.s                      0x00000000   Number         0  use_no_semi.o ABSOLUTE
    ../clib/angel/sys.s                      0x00000000   Number         0  tempstk.o ABSOLUTE
    ../clib/angel/sys.s                      0x00000000   Number         0  libspace.o ABSOLUTE
    ../clib/angel/sys.s                      0x00000000   Number         0  sys_stackheap_outer.o ABSOLUTE
    ../clib/angel/sysapp.c                   0x00000000   Number         0  sys_command.o ABSOLUTE
    ../clib/angel/sysapp.c                   0x00000000   Number         0  sys_wrch.o ABSOLUTE
    ../clib/angel/sysapp.c                   0x00000000   Number         0  sys_exit.o ABSOLUTE
    ../clib/armsys.c                         0x00000000   Number         0  argv_veneer.o ABSOLUTE
    ../clib/armsys.c                         0x00000000   Number         0  no_argv.o ABSOLUTE
    ../clib/armsys.c                         0x00000000   Number         0  _get_argv_nomalloc.o ABSOLUTE
    ../clib/division.s                       0x00000000   Number         0  aeabi_sdiv_div0.o ABSOLUTE
    ../clib/division.s                       0x00000000   Number         0  aeabi_sdiv.o ABSOLUTE
    ../clib/heapalloc.c                      0x00000000   Number         0  hrguard.o ABSOLUTE
    ../clib/heapaux.c                        0x00000000   Number         0  heapauxi.o ABSOLUTE
    ../clib/libinit.s                        0x00000000   Number         0  libinit2.o ABSOLUTE
    ../clib/libinit.s                        0x00000000   Number         0  libshutdown.o ABSOLUTE
    ../clib/libinit.s                        0x00000000   Number         0  libinit.o ABSOLUTE
    ../clib/libinit.s                        0x00000000   Number         0  libshutdown2.o ABSOLUTE
    ../clib/signal.c                         0x00000000   Number         0  defsig_rtred_inner.o ABSOLUTE
    ../clib/signal.c                         0x00000000   Number         0  defsig_fpe_inner.o ABSOLUTE
    ../clib/signal.c                         0x00000000   Number         0  defsig_exit.o ABSOLUTE
    ../clib/signal.c                         0x00000000   Number         0  defsig_fpe_outer.o ABSOLUTE
    ../clib/signal.c                         0x00000000   Number         0  __raise.o ABSOLUTE
    ../clib/signal.c                         0x00000000   Number         0  defsig_general.o ABSOLUTE
    ../clib/signal.c                         0x00000000   Number         0  defsig_fpe_formal.o ABSOLUTE
    ../clib/signal.c                         0x00000000   Number         0  defsig_abrt_inner.o ABSOLUTE
    ../clib/signal.c                         0x00000000   Number         0  defsig_pvfn_inner.o ABSOLUTE
    ../clib/signal.c                         0x00000000   Number         0  defsig_other.o ABSOLUTE
    ../clib/signal.c                         0x00000000   Number         0  defsig_cppl_inner.o ABSOLUTE
    ../clib/signal.c                         0x00000000   Number         0  defsig_segv_inner.o ABSOLUTE
    ../clib/signal.c                         0x00000000   Number         0  defsig_stak_inner.o ABSOLUTE
    ../clib/signal.c                         0x00000000   Number         0  defsig_rtmem_formal.o ABSOLUTE
    ../clib/signal.c                         0x00000000   Number         0  defsig_rtmem_outer.o ABSOLUTE
    ../clib/signal.c                         0x00000000   Number         0  defsig_rtmem_inner.o ABSOLUTE
    ../clib/signal.s                         0x00000000   Number         0  defsig.o ABSOLUTE
    ../clib/stdlib.c                         0x00000000   Number         0  exit.o ABSOLUTE
    ../fplib/cfplib/fpinit.c                 0x00000000   Number         0  fpinit.o ABSOLUTE
    adc.c                                    0x00000000   Number         0  adc.o ABSOLUTE
    adc.c                                    0x00000000   Number         0  adc.o ABSOLUTE
    can.c                                    0x00000000   Number         0  can.o ABSOLUTE
    can.c                                    0x00000000   Number         0  can.o ABSOLUTE
    dc.s                                     0x00000000   Number         0  dc.o ABSOLUTE
    handlers.c                               0x00000000   Number         0  handlers.o ABSOLUTE
    handlers.c                               0x00000000   Number         0  handlers.o ABSOLUTE
    main.c                                   0x00000000   Number         0  main.o ABSOLUTE
    main.c                                   0x00000000   Number         0  main.o ABSOLUTE
    src\\stm32f0xx_adc.c                     0x00000000   Number         0  stm32f0xx_adc.o ABSOLUTE
    src\\stm32f0xx_can.c                     0x00000000   Number         0  stm32f0xx_can.o ABSOLUTE
    src\\stm32f0xx_cec.c                     0x00000000   Number         0  stm32f0xx_cec.o ABSOLUTE
    src\\stm32f0xx_comp.c                    0x00000000   Number         0  stm32f0xx_comp.o ABSOLUTE
    src\\stm32f0xx_crc.c                     0x00000000   Number         0  stm32f0xx_crc.o ABSOLUTE
    src\\stm32f0xx_crs.c                     0x00000000   Number         0  stm32f0xx_crs.o ABSOLUTE
    src\\stm32f0xx_dbgmcu.c                  0x00000000   Number         0  stm32f0xx_dbgmcu.o ABSOLUTE
    src\\stm32f0xx_dma.c                     0x00000000   Number         0  stm32f0xx_dma.o ABSOLUTE
    src\\stm32f0xx_exti.c                    0x00000000   Number         0  stm32f0xx_exti.o ABSOLUTE
    src\\stm32f0xx_flash.c                   0x00000000   Number         0  stm32f0xx_flash.o ABSOLUTE
    src\\stm32f0xx_gpio.c                    0x00000000   Number         0  stm32f0xx_gpio.o ABSOLUTE
    src\\stm32f0xx_i2c.c                     0x00000000   Number         0  stm32f0xx_i2c.o ABSOLUTE
    src\\stm32f0xx_iwdg.c                    0x00000000   Number         0  stm32f0xx_iwdg.o ABSOLUTE
    src\\stm32f0xx_misc.c                    0x00000000   Number         0  stm32f0xx_misc.o ABSOLUTE
    src\\stm32f0xx_pwr.c                     0x00000000   Number         0  stm32f0xx_pwr.o ABSOLUTE
    src\\stm32f0xx_rcc.c                     0x00000000   Number         0  stm32f0xx_rcc.o ABSOLUTE
    src\\stm32f0xx_rtc.c                     0x00000000   Number         0  stm32f0xx_rtc.o ABSOLUTE
    src\\stm32f0xx_syscfg.c                  0x00000000   Number         0  stm32f0xx_syscfg.o ABSOLUTE
    src\\stm32f0xx_tim.c                     0x00000000   Number         0  stm32f0xx_tim.o ABSOLUTE
    src\\stm32f0xx_usart.c                   0x00000000   Number         0  stm32f0xx_usart.o ABSOLUTE
    src\\stm32f0xx_wwdg.c                    0x00000000   Number         0  stm32f0xx_wwdg.o ABSOLUTE
    src\stm32f0xx_adc.c                      0x00000000   Number         0  stm32f0xx_adc.o ABSOLUTE
    src\stm32f0xx_can.c                      0x00000000   Number         0  stm32f0xx_can.o ABSOLUTE
    src\stm32f0xx_cec.c                      0x00000000   Number         0  stm32f0xx_cec.o ABSOLUTE
    src\stm32f0xx_comp.c                     0x00000000   Number         0  stm32f0xx_comp.o ABSOLUTE
    src\stm32f0xx_crc.c                      0x00000000   Number         0  stm32f0xx_crc.o ABSOLUTE
    src\stm32f0xx_crs.c                      0x00000000   Number         0  stm32f0xx_crs.o ABSOLUTE
    src\stm32f0xx_dbgmcu.c                   0x00000000   Number         0  stm32f0xx_dbgmcu.o ABSOLUTE
    src\stm32f0xx_dma.c                      0x00000000   Number         0  stm32f0xx_dma.o ABSOLUTE
    src\stm32f0xx_exti.c                     0x00000000   Number         0  stm32f0xx_exti.o ABSOLUTE
    src\stm32f0xx_flash.c                    0x00000000   Number         0  stm32f0xx_flash.o ABSOLUTE
    src\stm32f0xx_gpio.c                     0x00000000   Number         0  stm32f0xx_gpio.o ABSOLUTE
    src\stm32f0xx_i2c.c                      0x00000000   Number         0  stm32f0xx_i2c.o ABSOLUTE
    src\stm32f0xx_iwdg.c                     0x00000000   Number         0  stm32f0xx_iwdg.o ABSOLUTE
    src\stm32f0xx_misc.c                     0x00000000   Number         0  stm32f0xx_misc.o ABSOLUTE
    src\stm32f0xx_pwr.c                      0x00000000   Number         0  stm32f0xx_pwr.o ABSOLUTE
    src\stm32f0xx_rcc.c                      0x00000000   Number         0  stm32f0xx_rcc.o ABSOLUTE
    src\stm32f0xx_rtc.c                      0x00000000   Number         0  stm32f0xx_rtc.o ABSOLUTE
    src\stm32f0xx_syscfg.c                   0x00000000   Number         0  stm32f0xx_syscfg.o ABSOLUTE
    src\stm32f0xx_tim.c                      0x00000000   Number         0  stm32f0xx_tim.o ABSOLUTE
    src\stm32f0xx_usart.c                    0x00000000   Number         0  stm32f0xx_usart.o ABSOLUTE
    src\stm32f0xx_wwdg.c                     0x00000000   Number         0  stm32f0xx_wwdg.o ABSOLUTE
    startup_stm32f042.s                      0x00000000   Number         0  startup_stm32f042.o ABSOLUTE
    stm32f0xx_it.c                           0x00000000   Number         0  stm32f0xx_it.o ABSOLUTE
    stm32f0xx_it.c                           0x00000000   Number         0  stm32f0xx_it.o ABSOLUTE
    system_stm32f0xx.c                       0x00000000   Number         0  system_stm32f0xx.o ABSOLUTE
    system_stm32f0xx.c                       0x00000000   Number         0  system_stm32f0xx.o ABSOLUTE
    timers.c                                 0x00000000   Number         0  timers.o ABSOLUTE
    timers.c                                 0x00000000   Number         0  timers.o ABSOLUTE
    RESET                                    0x08000000   Section      192  startup_stm32f042.o(RESET)
    !!!main                                  0x080000c0   Section        8  __main.o(!!!main)
    !!!scatter                               0x080000c8   Section       60  __scatter.o(!!!scatter)
    !!handler_copy                           0x08000104   Section       26  __scatter_copy.o(!!handler_copy)
    !!handler_zi                             0x08000120   Section       28  __scatter_zi.o(!!handler_zi)
    .ARM.Collect$$libinit$$00000000          0x0800013c   Section        2  libinit.o(.ARM.Collect$$libinit$$00000000)
    .ARM.Collect$$libinit$$00000002          0x0800013e   Section        0  libinit2.o(.ARM.Collect$$libinit$$00000002)
    .ARM.Collect$$libinit$$00000004          0x0800013e   Section        0  libinit2.o(.ARM.Collect$$libinit$$00000004)
    .ARM.Collect$$libinit$$0000000A          0x0800013e   Section        0  libinit2.o(.ARM.Collect$$libinit$$0000000A)
    .ARM.Collect$$libinit$$0000000C          0x0800013e   Section        0  libinit2.o(.ARM.Collect$$libinit$$0000000C)
    .ARM.Collect$$libinit$$0000000E          0x0800013e   Section        0  libinit2.o(.ARM.Collect$$libinit$$0000000E)
    .ARM.Collect$$libinit$$00000011          0x0800013e   Section        0  libinit2.o(.ARM.Collect$$libinit$$00000011)
    .ARM.Collect$$libinit$$00000013          0x0800013e   Section        0  libinit2.o(.ARM.Collect$$libinit$$00000013)
    .ARM.Collect$$libinit$$00000015          0x0800013e   Section        0  libinit2.o(.ARM.Collect$$libinit$$00000015)
    .ARM.Collect$$libinit$$00000017          0x0800013e   Section        0  libinit2.o(.ARM.Collect$$libinit$$00000017)
    .ARM.Collect$$libinit$$00000019          0x0800013e   Section        0  libinit2.o(.ARM.Collect$$libinit$$00000019)
    .ARM.Collect$$libinit$$0000001B          0x0800013e   Section        0  libinit2.o(.ARM.Collect$$libinit$$0000001B)
    .ARM.Collect$$libinit$$0000001D          0x0800013e   Section        0  libinit2.o(.ARM.Collect$$libinit$$0000001D)
    .ARM.Collect$$libinit$$0000001F          0x0800013e   Section        0  libinit2.o(.ARM.Collect$$libinit$$0000001F)
    .ARM.Collect$$libinit$$00000021          0x0800013e   Section        0  libinit2.o(.ARM.Collect$$libinit$$00000021)
    .ARM.Collect$$libinit$$00000023          0x0800013e   Section        0  libinit2.o(.ARM.Collect$$libinit$$00000023)
    .ARM.Collect$$libinit$$00000025          0x0800013e   Section        0  libinit2.o(.ARM.Collect$$libinit$$00000025)
    .ARM.Collect$$libinit$$0000002C          0x0800013e   Section        0  libinit2.o(.ARM.Collect$$libinit$$0000002C)
    .ARM.Collect$$libinit$$0000002E          0x0800013e   Section        0  libinit2.o(.ARM.Collect$$libinit$$0000002E)
    .ARM.Collect$$libinit$$00000030          0x0800013e   Section        0  libinit2.o(.ARM.Collect$$libinit$$00000030)
    .ARM.Collect$$libinit$$00000032          0x0800013e   Section        0  libinit2.o(.ARM.Collect$$libinit$$00000032)
    .ARM.Collect$$libinit$$00000033          0x0800013e   Section        2  libinit2.o(.ARM.Collect$$libinit$$00000033)
    .ARM.Collect$$libshutdown$$00000000      0x08000140   Section        2  libshutdown.o(.ARM.Collect$$libshutdown$$00000000)
    .ARM.Collect$$libshutdown$$00000003      0x08000142   Section        0  libshutdown2.o(.ARM.Collect$$libshutdown$$00000003)
    .ARM.Collect$$libshutdown$$00000006      0x08000142   Section        0  libshutdown2.o(.ARM.Collect$$libshutdown$$00000006)
    .ARM.Collect$$libshutdown$$00000009      0x08000142   Section        0  libshutdown2.o(.ARM.Collect$$libshutdown$$00000009)
    .ARM.Collect$$libshutdown$$0000000B      0x08000142   Section        0  libshutdown2.o(.ARM.Collect$$libshutdown$$0000000B)
    .ARM.Collect$$libshutdown$$0000000E      0x08000142   Section        0  libshutdown2.o(.ARM.Collect$$libshutdown$$0000000E)
    .ARM.Collect$$libshutdown$$0000000F      0x08000142   Section        2  libshutdown2.o(.ARM.Collect$$libshutdown$$0000000F)
    .ARM.Collect$$rtentry$$00000000          0x08000144   Section        0  __rtentry.o(.ARM.Collect$$rtentry$$00000000)
    .ARM.Collect$$rtentry$$00000002          0x08000144   Section        0  __rtentry2.o(.ARM.Collect$$rtentry$$00000002)
    .ARM.Collect$$rtentry$$00000004          0x08000144   Section        6  __rtentry4.o(.ARM.Collect$$rtentry$$00000004)
    .ARM.Collect$$rtentry$$00000009          0x0800014a   Section        0  __rtentry2.o(.ARM.Collect$$rtentry$$00000009)
    .ARM.Collect$$rtentry$$0000000A          0x0800014a   Section        4  __rtentry2.o(.ARM.Collect$$rtentry$$0000000A)
    .ARM.Collect$$rtentry$$0000000C          0x0800014e   Section        0  __rtentry2.o(.ARM.Collect$$rtentry$$0000000C)
    .ARM.Collect$$rtentry$$0000000D          0x0800014e   Section        8  __rtentry2.o(.ARM.Collect$$rtentry$$0000000D)
    .ARM.Collect$$rtexit$$00000000           0x08000156   Section        2  rtexit.o(.ARM.Collect$$rtexit$$00000000)
    .ARM.Collect$$rtexit$$00000002           0x08000158   Section        0  rtexit2.o(.ARM.Collect$$rtexit$$00000002)
    .ARM.Collect$$rtexit$$00000003           0x08000158   Section        4  rtexit2.o(.ARM.Collect$$rtexit$$00000003)
    .ARM.Collect$$rtexit$$00000004           0x0800015c   Section        6  rtexit2.o(.ARM.Collect$$rtexit$$00000004)
    .text                                    0x08000164   Section      116  startup_stm32f042.o(.text)
    .text                                    0x080001d8   Section      346  aeabi_sdiv.o(.text)
    .text                                    0x08000332   Section        0  heapauxi.o(.text)
    .text                                    0x08000338   Section       62  sys_stackheap_outer.o(.text)
    .text                                    0x08000376   Section        0  exit.o(.text)
    .text                                    0x08000384   Section        8  libspace.o(.text)
    .text                                    0x0800038c   Section        0  sys_exit.o(.text)
    .text                                    0x08000398   Section        2  use_no_semi.o(.text)
    .text                                    0x0800039a   Section        0  indicate_semi.o(.text)
    i.ADC1_IRQHandler                        0x0800039c   Section        0  handlers.o(i.ADC1_IRQHandler)
    i.ADC_ChannelConfig                      0x080004d8   Section        0  stm32f0xx_adc.o(i.ADC_ChannelConfig)
    i.ADC_ClearFlag                          0x08000568   Section        0  stm32f0xx_adc.o(i.ADC_ClearFlag)
    i.ADC_Cmd                                0x080005b8   Section        0  stm32f0xx_adc.o(i.ADC_Cmd)
    i.ADC_GetConversionValue                 0x08000610   Section        0  stm32f0xx_adc.o(i.ADC_GetConversionValue)
    i.ADC_GetFlagStatus                      0x08000648   Section        0  stm32f0xx_adc.o(i.ADC_GetFlagStatus)
    i.ADC_ITConfig                           0x080006f4   Section        0  stm32f0xx_adc.o(i.ADC_ITConfig)
    i.ADC_Init                               0x0800076c   Section        0  stm32f0xx_adc.o(i.ADC_Init)
    i.ADC_StartOfConversion                  0x08000880   Section        0  stm32f0xx_adc.o(i.ADC_StartOfConversion)
    i.CAN_DeInit                             0x080008bc   Section        0  stm32f0xx_can.o(i.CAN_DeInit)
    i.CAN_FilterInit                         0x080008fc   Section        0  stm32f0xx_can.o(i.CAN_FilterInit)
    i.CAN_GetFlagStatus                      0x08000a80   Section        0  stm32f0xx_can.o(i.CAN_GetFlagStatus)
    i.CAN_GetITStatus                        0x08000bd4   Section        0  stm32f0xx_can.o(i.CAN_GetITStatus)
    i.CAN_ITConfig                           0x08000d8c   Section        0  stm32f0xx_can.o(i.CAN_ITConfig)
    i.CAN_Init                               0x08000e3c   Section        0  stm32f0xx_can.o(i.CAN_Init)
    i.CAN_Receive                            0x08001088   Section        0  stm32f0xx_can.o(i.CAN_Receive)
    i.CAN_Transmit                           0x080011d4   Section        0  stm32f0xx_can.o(i.CAN_Transmit)
    i.CEC_CAN_IRQHandler                     0x080013b0   Section        0  handlers.o(i.CEC_CAN_IRQHandler)
    i.CRC_CalcBlockCRC                       0x08001414   Section        0  stm32f0xx_crc.o(i.CRC_CalcBlockCRC)
    i.CheckITStatus                          0x08001438   Section        0  stm32f0xx_can.o(i.CheckITStatus)
    CheckITStatus                            0x08001439   Thumb Code    20  stm32f0xx_can.o(i.CheckITStatus)
    i.GPIO_Init                              0x0800144c   Section        0  stm32f0xx_gpio.o(i.GPIO_Init)
    i.GPIO_PinAFConfig                       0x080015c0   Section        0  stm32f0xx_gpio.o(i.GPIO_PinAFConfig)
    i.GPIO_SetBits                           0x080016ec   Section        0  stm32f0xx_gpio.o(i.GPIO_SetBits)
    i.GPIO_ToggleBit                         0x08001764   Section        0  main.o(i.GPIO_ToggleBit)
    i.HardFault_Handler                      0x08001788   Section        0  stm32f0xx_it.o(i.HardFault_Handler)
    i.InitADC                                0x0800178c   Section        0  adc.o(i.InitADC)
    i.InitCAN                                0x08001814   Section        0  can.o(i.InitCAN)
    i.InitTIM_1                              0x08001920   Section        0  timers.o(i.InitTIM_1)
    i.NMI_Handler                            0x08001974   Section        0  stm32f0xx_it.o(i.NMI_Handler)
    i.NVIC_Init                              0x08001978   Section        0  stm32f0xx_misc.o(i.NVIC_Init)
    i.PendSV_Handler                         0x08001a28   Section        0  stm32f0xx_it.o(i.PendSV_Handler)
    i.RCC_AHBPeriphClockCmd                  0x08001a2c   Section        0  stm32f0xx_rcc.o(i.RCC_AHBPeriphClockCmd)
    i.RCC_APB1PeriphClockCmd                 0x08001a98   Section        0  stm32f0xx_rcc.o(i.RCC_APB1PeriphClockCmd)
    i.RCC_APB1PeriphResetCmd                 0x08001b04   Section        0  stm32f0xx_rcc.o(i.RCC_APB1PeriphResetCmd)
    i.RCC_APB2PeriphClockCmd                 0x08001b70   Section        0  stm32f0xx_rcc.o(i.RCC_APB2PeriphClockCmd)
    i.SVC_Handler                            0x08001bdc   Section        0  stm32f0xx_it.o(i.SVC_Handler)
    i.SendDataCAN                            0x08001be0   Section        0  can.o(i.SendDataCAN)
    i.SysTick_Handler                        0x08001c4c   Section        0  stm32f0xx_it.o(i.SysTick_Handler)
    i.SystemInit                             0x08001c50   Section        0  system_stm32f0xx.o(i.SystemInit)
    i.TIM1_BRK_UP_TRG_COM_IRQHandler         0x08001cc4   Section        0  handlers.o(i.TIM1_BRK_UP_TRG_COM_IRQHandler)
    i.TIM3_IRQHandler                        0x08001d10   Section        0  handlers.o(i.TIM3_IRQHandler)
    i.TIM_ClearFlag                          0x08001d30   Section        0  stm32f0xx_tim.o(i.TIM_ClearFlag)
    i.TIM_Cmd                                0x08001dd0   Section        0  stm32f0xx_tim.o(i.TIM_Cmd)
    i.TIM_GetFlagStatus                      0x08001e80   Section        0  stm32f0xx_tim.o(i.TIM_GetFlagStatus)
    i.TIM_ITConfig                           0x08001f5c   Section        0  stm32f0xx_tim.o(i.TIM_ITConfig)
    i.TIM_SelectOutputTrigger                0x08002020   Section        0  stm32f0xx_tim.o(i.TIM_SelectOutputTrigger)
    i.TIM_TimeBaseInit                       0x080020c4   Section        0  stm32f0xx_tim.o(i.TIM_TimeBaseInit)
    i.assert_failed                          0x080021f4   Section        0  main.o(i.assert_failed)
    i.main                                   0x080021f8   Section        0  main.o(i.main)
    .data                                    0x20000000   Section       16  main.o(.data)
    .data                                    0x20000010   Section       33  handlers.o(.data)
    .bss                                     0x20000034   Section       12  main.o(.bss)
    .bss                                     0x20000040   Section       80  handlers.o(.bss)
    .bss                                     0x20000090   Section       96  libspace.o(.bss)
    HEAP                                     0x200000f0   Section      512  startup_stm32f042.o(HEAP)
    Heap_Mem                                 0x200000f0   Data         512  startup_stm32f042.o(HEAP)
    STACK                                    0x200002f0   Section     1024  startup_stm32f042.o(STACK)
    Stack_Mem                                0x200002f0   Data        1024  startup_stm32f042.o(STACK)
    __initial_sp                             0x200006f0   Data           0  startup_stm32f042.o(STACK)

    Global Symbols

    Symbol Name                              Value     Ov Type        Size  Object(Section)

    BuildAttributes$$THM_ISAv3M$S$PE$A:L22$X:L11$S22$IEEE1$IW$USESV6$~STKCKD$USESV7$~SHL$OSPACE$ROPI$EBA8$UX$STANDARDLIB$REQ8$PRES8$EABIv2 0x00000000   Number         0  anon$$obj.o ABSOLUTE
    __ARM_use_no_argv                        0x00000000   Number         0  main.o ABSOLUTE
    __ARM_exceptions_init                     - Undefined Weak Reference
    __alloca_initialize                       - Undefined Weak Reference
    __arm_preinit_                            - Undefined Weak Reference
    __cpp_initialize__aeabi_                  - Undefined Weak Reference
    __cxa_finalize                            - Undefined Weak Reference
    __rt_locale                               - Undefined Weak Reference
    __sigvec_lookup                           - Undefined Weak Reference
    _atexit_init                              - Undefined Weak Reference
    _call_atexit_fns                          - Undefined Weak Reference
    _clock_init                               - Undefined Weak Reference
    _fp_trap_init                             - Undefined Weak Reference
    _fp_trap_shutdown                         - Undefined Weak Reference
    _get_lc_collate                           - Undefined Weak Reference
    _get_lc_ctype                             - Undefined Weak Reference
    _get_lc_monetary                          - Undefined Weak Reference
    _get_lc_numeric                           - Undefined Weak Reference
    _get_lc_time                              - Undefined Weak Reference
    _getenv_init                              - Undefined Weak Reference
    _handle_redirection                       - Undefined Weak Reference
    _init_alloc                               - Undefined Weak Reference
    _init_user_alloc                          - Undefined Weak Reference
    _initio                                   - Undefined Weak Reference
    _rand_init                                - Undefined Weak Reference
    _signal_finish                            - Undefined Weak Reference
    _signal_init                              - Undefined Weak Reference
    _terminate_alloc                          - Undefined Weak Reference
    _terminate_user_alloc                     - Undefined Weak Reference
    _terminateio                              - Undefined Weak Reference
    __Vectors_Size                           0x000000c0   Number         0  startup_stm32f042.o ABSOLUTE
    __Vectors                                0x08000000   Data           4  startup_stm32f042.o(RESET)
    __Vectors_End                            0x080000c0   Data           0  startup_stm32f042.o(RESET)
    __main                                   0x080000c1   Thumb Code     8  __main.o(!!!main)
    __scatterload                            0x080000c9   Thumb Code     0  __scatter.o(!!!scatter)
    __scatterload_rt2                        0x080000c9   Thumb Code    52  __scatter.o(!!!scatter)
    __scatterload_rt2_thumb_only             0x080000c9   Thumb Code     0  __scatter.o(!!!scatter)
    __scatterload_null                       0x080000d9   Thumb Code     0  __scatter.o(!!!scatter)
    __scatterload_copy                       0x08000105   Thumb Code    26  __scatter_copy.o(!!handler_copy)
    __scatterload_zeroinit                   0x08000121   Thumb Code    28  __scatter_zi.o(!!handler_zi)
    __rt_lib_init                            0x0800013d   Thumb Code     0  libinit.o(.ARM.Collect$$libinit$$00000000)
    __rt_lib_init_alloca_1                   0x0800013f   Thumb Code     0  libinit2.o(.ARM.Collect$$libinit$$0000002E)
    __rt_lib_init_argv_1                     0x0800013f   Thumb Code     0  libinit2.o(.ARM.Collect$$libinit$$0000002C)
    __rt_lib_init_atexit_1                   0x0800013f   Thumb Code     0  libinit2.o(.ARM.Collect$$libinit$$0000001B)
    __rt_lib_init_clock_1                    0x0800013f   Thumb Code     0  libinit2.o(.ARM.Collect$$libinit$$00000021)
    __rt_lib_init_cpp_1                      0x0800013f   Thumb Code     0  libinit2.o(.ARM.Collect$$libinit$$00000032)
    __rt_lib_init_exceptions_1               0x0800013f   Thumb Code     0  libinit2.o(.ARM.Collect$$libinit$$00000030)
    __rt_lib_init_fp_1                       0x0800013f   Thumb Code     0  libinit2.o(.ARM.Collect$$libinit$$00000002)
    __rt_lib_init_fp_trap_1                  0x0800013f   Thumb Code     0  libinit2.o(.ARM.Collect$$libinit$$0000001F)
    __rt_lib_init_getenv_1                   0x0800013f   Thumb Code     0  libinit2.o(.ARM.Collect$$libinit$$00000023)
    __rt_lib_init_heap_1                     0x0800013f   Thumb Code     0  libinit2.o(.ARM.Collect$$libinit$$0000000A)
    __rt_lib_init_lc_collate_1               0x0800013f   Thumb Code     0  libinit2.o(.ARM.Collect$$libinit$$00000011)
    __rt_lib_init_lc_ctype_1                 0x0800013f   Thumb Code     0  libinit2.o(.ARM.Collect$$libinit$$00000013)
    __rt_lib_init_lc_monetary_1              0x0800013f   Thumb Code     0  libinit2.o(.ARM.Collect$$libinit$$00000015)
    __rt_lib_init_lc_numeric_1               0x0800013f   Thumb Code     0  libinit2.o(.ARM.Collect$$libinit$$00000017)
    __rt_lib_init_lc_time_1                  0x0800013f   Thumb Code     0  libinit2.o(.ARM.Collect$$libinit$$00000019)
    __rt_lib_init_preinit_1                  0x0800013f   Thumb Code     0  libinit2.o(.ARM.Collect$$libinit$$00000004)
    __rt_lib_init_rand_1                     0x0800013f   Thumb Code     0  libinit2.o(.ARM.Collect$$libinit$$0000000E)
    __rt_lib_init_return                     0x0800013f   Thumb Code     0  libinit2.o(.ARM.Collect$$libinit$$00000033)
    __rt_lib_init_signal_1                   0x0800013f   Thumb Code     0  libinit2.o(.ARM.Collect$$libinit$$0000001D)
    __rt_lib_init_stdio_1                    0x0800013f   Thumb Code     0  libinit2.o(.ARM.Collect$$libinit$$00000025)
    __rt_lib_init_user_alloc_1               0x0800013f   Thumb Code     0  libinit2.o(.ARM.Collect$$libinit$$0000000C)
    __rt_lib_shutdown                        0x08000141   Thumb Code     0  libshutdown.o(.ARM.Collect$$libshutdown$$00000000)
    __rt_lib_shutdown_fp_trap_1              0x08000143   Thumb Code     0  libshutdown2.o(.ARM.Collect$$libshutdown$$00000006)
    __rt_lib_shutdown_heap_1                 0x08000143   Thumb Code     0  libshutdown2.o(.ARM.Collect$$libshutdown$$0000000E)
    __rt_lib_shutdown_return                 0x08000143   Thumb Code     0  libshutdown2.o(.ARM.Collect$$libshutdown$$0000000F)
    __rt_lib_shutdown_signal_1               0x08000143   Thumb Code     0  libshutdown2.o(.ARM.Collect$$libshutdown$$00000009)
    __rt_lib_shutdown_stdio_1                0x08000143   Thumb Code     0  libshutdown2.o(.ARM.Collect$$libshutdown$$00000003)
    __rt_lib_shutdown_user_alloc_1           0x08000143   Thumb Code     0  libshutdown2.o(.ARM.Collect$$libshutdown$$0000000B)
    __rt_entry                               0x08000145   Thumb Code     0  __rtentry.o(.ARM.Collect$$rtentry$$00000000)
    __rt_entry_presh_1                       0x08000145   Thumb Code     0  __rtentry2.o(.ARM.Collect$$rtentry$$00000002)
    __rt_entry_sh                            0x08000145   Thumb Code     0  __rtentry4.o(.ARM.Collect$$rtentry$$00000004)
    __rt_entry_li                            0x0800014b   Thumb Code     0  __rtentry2.o(.ARM.Collect$$rtentry$$0000000A)
    __rt_entry_postsh_1                      0x0800014b   Thumb Code     0  __rtentry2.o(.ARM.Collect$$rtentry$$00000009)
    __rt_entry_main                          0x0800014f   Thumb Code     0  __rtentry2.o(.ARM.Collect$$rtentry$$0000000D)
    __rt_entry_postli_1                      0x0800014f   Thumb Code     0  __rtentry2.o(.ARM.Collect$$rtentry$$0000000C)
    __rt_exit                                0x08000157   Thumb Code     0  rtexit.o(.ARM.Collect$$rtexit$$00000000)
    __rt_exit_ls                             0x08000159   Thumb Code     0  rtexit2.o(.ARM.Collect$$rtexit$$00000003)
    __rt_exit_prels_1                        0x08000159   Thumb Code     0  rtexit2.o(.ARM.Collect$$rtexit$$00000002)
    __rt_exit_exit                           0x0800015d   Thumb Code     0  rtexit2.o(.ARM.Collect$$rtexit$$00000004)
    Reset_Handler                            0x08000165   Thumb Code    38  startup_stm32f042.o(.text)
    DMA1_Channel1_IRQHandler                 0x08000195   Thumb Code     0  startup_stm32f042.o(.text)
    DMA1_Channel2_3_IRQHandler               0x08000195   Thumb Code     0  startup_stm32f042.o(.text)
    DMA1_Channel4_5_IRQHandler               0x08000195   Thumb Code     0  startup_stm32f042.o(.text)
    EXTI0_1_IRQHandler                       0x08000195   Thumb Code     0  startup_stm32f042.o(.text)
    EXTI2_3_IRQHandler                       0x08000195   Thumb Code     0  startup_stm32f042.o(.text)
    EXTI4_15_IRQHandler                      0x08000195   Thumb Code     0  startup_stm32f042.o(.text)
    FLASH_IRQHandler                         0x08000195   Thumb Code     0  startup_stm32f042.o(.text)
    I2C1_IRQHandler                          0x08000195   Thumb Code     0  startup_stm32f042.o(.text)
    PVD_VDDIO2_IRQHandler                    0x08000195   Thumb Code     0  startup_stm32f042.o(.text)
    RCC_CRS_IRQHandler                       0x08000195   Thumb Code     0  startup_stm32f042.o(.text)
    RTC_IRQHandler                           0x08000195   Thumb Code     0  startup_stm32f042.o(.text)
    SPI1_IRQHandler                          0x08000195   Thumb Code     0  startup_stm32f042.o(.text)
    SPI2_IRQHandler                          0x08000195   Thumb Code     0  startup_stm32f042.o(.text)
    TIM14_IRQHandler                         0x08000195   Thumb Code     0  startup_stm32f042.o(.text)
    TIM16_IRQHandler                         0x08000195   Thumb Code     0  startup_stm32f042.o(.text)
    TIM17_IRQHandler                         0x08000195   Thumb Code     0  startup_stm32f042.o(.text)
    TIM1_CC_IRQHandler                       0x08000195   Thumb Code     0  startup_stm32f042.o(.text)
    TIM2_IRQHandler                          0x08000195   Thumb Code     0  startup_stm32f042.o(.text)
    TSC_IRQHandler                           0x08000195   Thumb Code     0  startup_stm32f042.o(.text)
    USART1_IRQHandler                        0x08000195   Thumb Code     0  startup_stm32f042.o(.text)
    USART2_IRQHandler                        0x08000195   Thumb Code     0  startup_stm32f042.o(.text)
    USB_IRQHandler                           0x08000195   Thumb Code     0  startup_stm32f042.o(.text)
    WWDG_IRQHandler                          0x08000195   Thumb Code     0  startup_stm32f042.o(.text)
    __user_initial_stackheap                 0x08000199   Thumb Code     0  startup_stm32f042.o(.text)
    __aeabi_uidiv                            0x080001d9   Thumb Code     0  aeabi_sdiv.o(.text)
    __aeabi_uidivmod                         0x080001d9   Thumb Code    20  aeabi_sdiv.o(.text)
    __aeabi_idiv                             0x080001ed   Thumb Code     0  aeabi_sdiv.o(.text)
    __aeabi_idivmod                          0x080001ed   Thumb Code   326  aeabi_sdiv.o(.text)
    __use_two_region_memory                  0x08000333   Thumb Code     2  heapauxi.o(.text)
    __rt_heap_escrow$2region                 0x08000335   Thumb Code     2  heapauxi.o(.text)
    __rt_heap_expand$2region                 0x08000337   Thumb Code     2  heapauxi.o(.text)
    __user_setup_stackheap                   0x08000339   Thumb Code    62  sys_stackheap_outer.o(.text)
    exit                                     0x08000377   Thumb Code    12  exit.o(.text)
    __user_libspace                          0x08000385   Thumb Code     8  libspace.o(.text)
    __user_perproc_libspace                  0x08000385   Thumb Code     0  libspace.o(.text)
    __user_perthread_libspace                0x08000385   Thumb Code     0  libspace.o(.text)
    _sys_exit                                0x0800038d   Thumb Code     8  sys_exit.o(.text)
    __I$use$semihosting                      0x08000399   Thumb Code     0  use_no_semi.o(.text)
    __use_no_semihosting_swi                 0x08000399   Thumb Code     2  use_no_semi.o(.text)
    __semihosting_library_function           0x0800039b   Thumb Code     0  indicate_semi.o(.text)
    ADC1_IRQHandler                          0x0800039d   Thumb Code   268  handlers.o(i.ADC1_IRQHandler)
    ADC_ChannelConfig                        0x080004d9   Thumb Code   114  stm32f0xx_adc.o(i.ADC_ChannelConfig)
    ADC_ClearFlag                            0x08000569   Thumb Code    52  stm32f0xx_adc.o(i.ADC_ClearFlag)
    ADC_Cmd                                  0x080005b9   Thumb Code    64  stm32f0xx_adc.o(i.ADC_Cmd)
    ADC_GetConversionValue                   0x08000611   Thumb Code    26  stm32f0xx_adc.o(i.ADC_GetConversionValue)
    ADC_GetFlagStatus                        0x08000649   Thumb Code   138  stm32f0xx_adc.o(i.ADC_GetFlagStatus)
    ADC_ITConfig                             0x080006f5   Thumb Code    90  stm32f0xx_adc.o(i.ADC_ITConfig)
    ADC_Init                                 0x0800076d   Thumb Code   248  stm32f0xx_adc.o(i.ADC_Init)
    ADC_StartOfConversion                    0x08000881   Thumb Code    30  stm32f0xx_adc.o(i.ADC_StartOfConversion)
    CAN_DeInit                               0x080008bd   Thumb Code    40  stm32f0xx_can.o(i.CAN_DeInit)
    CAN_FilterInit                           0x080008fd   Thumb Code   360  stm32f0xx_can.o(i.CAN_FilterInit)
    CAN_GetFlagStatus                        0x08000a81   Thumb Code   276  stm32f0xx_can.o(i.CAN_GetFlagStatus)
    CAN_GetITStatus                          0x08000bd5   Thumb Code   406  stm32f0xx_can.o(i.CAN_GetITStatus)
    CAN_ITConfig                             0x08000d8d   Thumb Code   148  stm32f0xx_can.o(i.CAN_ITConfig)
    CAN_Init                                 0x08000e3d   Thumb Code   558  stm32f0xx_can.o(i.CAN_Init)
    CAN_Receive                              0x08001089   Thumb Code   304  stm32f0xx_can.o(i.CAN_Receive)
    CAN_Transmit                             0x080011d5   Thumb Code   440  stm32f0xx_can.o(i.CAN_Transmit)
    CEC_CAN_IRQHandler                       0x080013b1   Thumb Code    78  handlers.o(i.CEC_CAN_IRQHandler)
    CRC_CalcBlockCRC                         0x08001415   Thumb Code    32  stm32f0xx_crc.o(i.CRC_CalcBlockCRC)
    GPIO_Init                                0x0800144d   Thumb Code   326  stm32f0xx_gpio.o(i.GPIO_Init)
    GPIO_PinAFConfig                         0x080015c1   Thumb Code   250  stm32f0xx_gpio.o(i.GPIO_PinAFConfig)
    GPIO_SetBits                             0x080016ed   Thumb Code    76  stm32f0xx_gpio.o(i.GPIO_SetBits)
    GPIO_ToggleBit                           0x08001765   Thumb Code    28  main.o(i.GPIO_ToggleBit)
    HardFault_Handler                        0x08001789   Thumb Code     4  stm32f0xx_it.o(i.HardFault_Handler)
    InitADC                                  0x0800178d   Thumb Code   132  adc.o(i.InitADC)
    InitCAN                                  0x08001815   Thumb Code   258  can.o(i.InitCAN)
    InitTIM_1                                0x08001921   Thumb Code    80  timers.o(i.InitTIM_1)
    NMI_Handler                              0x08001975   Thumb Code     2  stm32f0xx_it.o(i.NMI_Handler)
    NVIC_Init                                0x08001979   Thumb Code   148  stm32f0xx_misc.o(i.NVIC_Init)
    PendSV_Handler                           0x08001a29   Thumb Code     2  stm32f0xx_it.o(i.PendSV_Handler)
    RCC_AHBPeriphClockCmd                    0x08001a2d   Thumb Code    76  stm32f0xx_rcc.o(i.RCC_AHBPeriphClockCmd)
    RCC_APB1PeriphClockCmd                   0x08001a99   Thumb Code    76  stm32f0xx_rcc.o(i.RCC_APB1PeriphClockCmd)
    RCC_APB1PeriphResetCmd                   0x08001b05   Thumb Code    76  stm32f0xx_rcc.o(i.RCC_APB1PeriphResetCmd)
    RCC_APB2PeriphClockCmd                   0x08001b71   Thumb Code    76  stm32f0xx_rcc.o(i.RCC_APB2PeriphClockCmd)
    SVC_Handler                              0x08001bdd   Thumb Code     2  stm32f0xx_it.o(i.SVC_Handler)
    SendDataCAN                              0x08001be1   Thumb Code    92  can.o(i.SendDataCAN)
    SysTick_Handler                          0x08001c4d   Thumb Code     2  stm32f0xx_it.o(i.SysTick_Handler)
    SystemInit                               0x08001c51   Thumb Code   104  system_stm32f0xx.o(i.SystemInit)
    TIM1_BRK_UP_TRG_COM_IRQHandler           0x08001cc5   Thumb Code    58  handlers.o(i.TIM1_BRK_UP_TRG_COM_IRQHandler)
    TIM3_IRQHandler                          0x08001d11   Thumb Code    24  handlers.o(i.TIM3_IRQHandler)
    TIM_ClearFlag                            0x08001d31   Thumb Code   104  stm32f0xx_tim.o(i.TIM_ClearFlag)
    TIM_Cmd                                  0x08001dd1   Thumb Code   116  stm32f0xx_tim.o(i.TIM_Cmd)
    TIM_GetFlagStatus                        0x08001e81   Thumb Code   162  stm32f0xx_tim.o(i.TIM_GetFlagStatus)
    TIM_ITConfig                             0x08001f5d   Thumb Code   140  stm32f0xx_tim.o(i.TIM_ITConfig)
    TIM_SelectOutputTrigger                  0x08002021   Thumb Code   114  stm32f0xx_tim.o(i.TIM_SelectOutputTrigger)
    TIM_TimeBaseInit                         0x080020c5   Thumb Code   242  stm32f0xx_tim.o(i.TIM_TimeBaseInit)
    assert_failed                            0x080021f5   Thumb Code     4  main.o(i.assert_failed)
    main                                     0x080021f9   Thumb Code   246  main.o(i.main)
    Region$$Table$$Base                      0x08002318   Number         0  anon$$obj.o(Region$$Table)
    Region$$Table$$Limit                     0x08002338   Number         0  anon$$obj.o(Region$$Table)
    ptr                                      0x20000000   Data           4  main.o(.data)
    time_response                            0x20000004   Data           4  main.o(.data)
    cnt_response                             0x20000008   Data           4  main.o(.data)
    crc_id                                   0x2000000c   Data           4  main.o(.data)
    flag_adc                                 0x20000010   Data           1  handlers.o(.data)
    flag_get_temperature                     0x20000011   Data           1  handlers.o(.data)
    flag_get_hum                             0x20000012   Data           1  handlers.o(.data)
    flag_get_can_msg                         0x20000013   Data           1  handlers.o(.data)
    data_adc_1                               0x20000014   Data           2  handlers.o(.data)
    data_adc_2                               0x20000016   Data           2  handlers.o(.data)
    cnt_temp_sample                          0x20000018   Data           4  handlers.o(.data)
    cnt_hum_sample                           0x2000001c   Data           4  handlers.o(.data)
    hum                                      0x20000020   Data           4  handlers.o(.data)
    temperature                              0x20000024   Data           4  handlers.o(.data)
    temperature_data_10sample                0x20000028   Data           4  handlers.o(.data)
    humidyty_data_10sample                   0x2000002c   Data           4  handlers.o(.data)
    counter                                  0x20000030   Data           1  handlers.o(.data)
    id                                       0x20000034   Data          12  main.o(.bss)
    data_adc_temp                            0x20000040   Data          20  handlers.o(.bss)
    data_adc_hum                             0x20000054   Data          20  handlers.o(.bss)
    CANMessage                               0x20000068   Data          20  handlers.o(.bss)
    buff_humm                                0x2000007c   Data          20  handlers.o(.bss)
    __libspace_start                         0x20000090   Data          96  libspace.o(.bss)
    __temporary_stack_top$libspace           0x200000f0   Data           0  libspace.o(.bss)



==============================================================================

Memory Map of the image

  Image Entry point : 0x080000c1

  Load Region LR_IROM1 (Base: 0x08000000, Size: 0x0000236c, Max: 0x00008000, ABSOLUTE)

    Execution Region ER_IROM1 (Base: 0x08000000, Size: 0x00002338, Max: 0x00008000, ABSOLUTE)

    Base Addr    Size         Type   Attr      Idx    E Section Name        Object

    0x08000000   0x000000c0   Data   RO          356    RESET               startup_stm32f042.o
    0x080000c0   0x00000008   Code   RO         3661  * !!!main             c_p.l(__main.o)
    0x080000c8   0x0000003c   Code   RO         3829    !!!scatter          c_p.l(__scatter.o)
    0x08000104   0x0000001a   Code   RO         3831    !!handler_copy      c_p.l(__scatter_copy.o)
    0x0800011e   0x00000002   PAD
    0x08000120   0x0000001c   Code   RO         3833    !!handler_zi        c_p.l(__scatter_zi.o)
    0x0800013c   0x00000002   Code   RO         3699    .ARM.Collect$$libinit$$00000000  c_p.l(libinit.o)
    0x0800013e   0x00000000   Code   RO         3713    .ARM.Collect$$libinit$$00000002  c_p.l(libinit2.o)
    0x0800013e   0x00000000   Code   RO         3715    .ARM.Collect$$libinit$$00000004  c_p.l(libinit2.o)
    0x0800013e   0x00000000   Code   RO         3718    .ARM.Collect$$libinit$$0000000A  c_p.l(libinit2.o)
    0x0800013e   0x00000000   Code   RO         3720    .ARM.Collect$$libinit$$0000000C  c_p.l(libinit2.o)
    0x0800013e   0x00000000   Code   RO         3722    .ARM.Collect$$libinit$$0000000E  c_p.l(libinit2.o)
    0x0800013e   0x00000000   Code   RO         3725    .ARM.Collect$$libinit$$00000011  c_p.l(libinit2.o)
    0x0800013e   0x00000000   Code   RO         3727    .ARM.Collect$$libinit$$00000013  c_p.l(libinit2.o)
    0x0800013e   0x00000000   Code   RO         3729    .ARM.Collect$$libinit$$00000015  c_p.l(libinit2.o)
    0x0800013e   0x00000000   Code   RO         3731    .ARM.Collect$$libinit$$00000017  c_p.l(libinit2.o)
    0x0800013e   0x00000000   Code   RO         3733    .ARM.Collect$$libinit$$00000019  c_p.l(libinit2.o)
    0x0800013e   0x00000000   Code   RO         3735    .ARM.Collect$$libinit$$0000001B  c_p.l(libinit2.o)
    0x0800013e   0x00000000   Code   RO         3737    .ARM.Collect$$libinit$$0000001D  c_p.l(libinit2.o)
    0x0800013e   0x00000000   Code   RO         3739    .ARM.Collect$$libinit$$0000001F  c_p.l(libinit2.o)
    0x0800013e   0x00000000   Code   RO         3741    .ARM.Collect$$libinit$$00000021  c_p.l(libinit2.o)
    0x0800013e   0x00000000   Code   RO         3743    .ARM.Collect$$libinit$$00000023  c_p.l(libinit2.o)
    0x0800013e   0x00000000   Code   RO         3745    .ARM.Collect$$libinit$$00000025  c_p.l(libinit2.o)
    0x0800013e   0x00000000   Code   RO         3749    .ARM.Collect$$libinit$$0000002C  c_p.l(libinit2.o)
    0x0800013e   0x00000000   Code   RO         3751    .ARM.Collect$$libinit$$0000002E  c_p.l(libinit2.o)
    0x0800013e   0x00000000   Code   RO         3753    .ARM.Collect$$libinit$$00000030  c_p.l(libinit2.o)
    0x0800013e   0x00000000   Code   RO         3755    .ARM.Collect$$libinit$$00000032  c_p.l(libinit2.o)
    0x0800013e   0x00000002   Code   RO         3756    .ARM.Collect$$libinit$$00000033  c_p.l(libinit2.o)
    0x08000140   0x00000002   Code   RO         3787    .ARM.Collect$$libshutdown$$00000000  c_p.l(libshutdown.o)
    0x08000142   0x00000000   Code   RO         3814    .ARM.Collect$$libshutdown$$00000003  c_p.l(libshutdown2.o)
    0x08000142   0x00000000   Code   RO         3817    .ARM.Collect$$libshutdown$$00000006  c_p.l(libshutdown2.o)
    0x08000142   0x00000000   Code   RO         3820    .ARM.Collect$$libshutdown$$00000009  c_p.l(libshutdown2.o)
    0x08000142   0x00000000   Code   RO         3822    .ARM.Collect$$libshutdown$$0000000B  c_p.l(libshutdown2.o)
    0x08000142   0x00000000   Code   RO         3825    .ARM.Collect$$libshutdown$$0000000E  c_p.l(libshutdown2.o)
    0x08000142   0x00000002   Code   RO         3826    .ARM.Collect$$libshutdown$$0000000F  c_p.l(libshutdown2.o)
    0x08000144   0x00000000   Code   RO         3663    .ARM.Collect$$rtentry$$00000000  c_p.l(__rtentry.o)
    0x08000144   0x00000000   Code   RO         3669    .ARM.Collect$$rtentry$$00000002  c_p.l(__rtentry2.o)
    0x08000144   0x00000006   Code   RO         3681    .ARM.Collect$$rtentry$$00000004  c_p.l(__rtentry4.o)
    0x0800014a   0x00000000   Code   RO         3671    .ARM.Collect$$rtentry$$00000009  c_p.l(__rtentry2.o)
    0x0800014a   0x00000004   Code   RO         3672    .ARM.Collect$$rtentry$$0000000A  c_p.l(__rtentry2.o)
    0x0800014e   0x00000000   Code   RO         3674    .ARM.Collect$$rtentry$$0000000C  c_p.l(__rtentry2.o)
    0x0800014e   0x00000008   Code   RO         3675    .ARM.Collect$$rtentry$$0000000D  c_p.l(__rtentry2.o)
    0x08000156   0x00000002   Code   RO         3704    .ARM.Collect$$rtexit$$00000000  c_p.l(rtexit.o)
    0x08000158   0x00000000   Code   RO         3760    .ARM.Collect$$rtexit$$00000002  c_p.l(rtexit2.o)
    0x08000158   0x00000004   Code   RO         3761    .ARM.Collect$$rtexit$$00000003  c_p.l(rtexit2.o)
    0x0800015c   0x00000006   Code   RO         3762    .ARM.Collect$$rtexit$$00000004  c_p.l(rtexit2.o)
    0x08000162   0x00000002   PAD
    0x08000164   0x00000074   Code   RO          357    .text               startup_stm32f042.o
    0x080001d8   0x0000015a   Code   RO         3655    .text               c_p.l(aeabi_sdiv.o)
    0x08000332   0x00000006   Code   RO         3659    .text               c_p.l(heapauxi.o)
    0x08000338   0x0000003e   Code   RO         3685    .text               c_p.l(sys_stackheap_outer.o)
    0x08000376   0x0000000c   Code   RO         3688    .text               c_p.l(exit.o)
    0x08000382   0x00000002   PAD
    0x08000384   0x00000008   Code   RO         3700    .text               c_p.l(libspace.o)
    0x0800038c   0x0000000c   Code   RO         3757    .text               c_p.l(sys_exit.o)
    0x08000398   0x00000002   Code   RO         3776    .text               c_p.l(use_no_semi.o)
    0x0800039a   0x00000000   Code   RO         3778    .text               c_p.l(indicate_semi.o)
    0x0800039a   0x00000002   PAD
    0x0800039c   0x0000013c   Code   RO          249    i.ADC1_IRQHandler   handlers.o
    0x080004d8   0x00000090   Code   RO          368    i.ADC_ChannelConfig  stm32f0xx_adc.o
    0x08000568   0x00000050   Code   RO          369    i.ADC_ClearFlag     stm32f0xx_adc.o
    0x080005b8   0x00000058   Code   RO          372    i.ADC_Cmd           stm32f0xx_adc.o
    0x08000610   0x00000038   Code   RO          379    i.ADC_GetConversionValue  stm32f0xx_adc.o
    0x08000648   0x000000ac   Code   RO          380    i.ADC_GetFlagStatus  stm32f0xx_adc.o
    0x080006f4   0x00000078   Code   RO          382    i.ADC_ITConfig      stm32f0xx_adc.o
    0x0800076c   0x00000114   Code   RO          383    i.ADC_Init          stm32f0xx_adc.o
    0x08000880   0x0000003c   Code   RO          386    i.ADC_StartOfConversion  stm32f0xx_adc.o
    0x080008bc   0x00000040   Code   RO          582    i.CAN_DeInit        stm32f0xx_can.o
    0x080008fc   0x00000184   Code   RO          584    i.CAN_FilterInit    stm32f0xx_can.o
    0x08000a80   0x00000154   Code   RO          585    i.CAN_GetFlagStatus  stm32f0xx_can.o
    0x08000bd4   0x000001b8   Code   RO          586    i.CAN_GetITStatus   stm32f0xx_can.o
    0x08000d8c   0x000000b0   Code   RO          590    i.CAN_ITConfig      stm32f0xx_can.o
    0x08000e3c   0x0000024c   Code   RO          591    i.CAN_Init          stm32f0xx_can.o
    0x08001088   0x0000014c   Code   RO          594    i.CAN_Receive       stm32f0xx_can.o
    0x080011d4   0x000001dc   Code   RO          599    i.CAN_Transmit      stm32f0xx_can.o
    0x080013b0   0x00000064   Code   RO          250    i.CEC_CAN_IRQHandler  handlers.o
    0x08001414   0x00000024   Code   RO          913    i.CRC_CalcBlockCRC  stm32f0xx_crc.o
    0x08001438   0x00000014   Code   RO          602    i.CheckITStatus     stm32f0xx_can.o
    0x0800144c   0x00000174   Code   RO         1532    i.GPIO_Init         stm32f0xx_gpio.o
    0x080015c0   0x0000012c   Code   RO         1533    i.GPIO_PinAFConfig  stm32f0xx_gpio.o
    0x080016ec   0x00000078   Code   RO         1540    i.GPIO_SetBits      stm32f0xx_gpio.o
    0x08001764   0x00000024   Code   RO            3    i.GPIO_ToggleBit    main.o
    0x08001788   0x00000004   Code   RO          152    i.HardFault_Handler  stm32f0xx_it.o
    0x0800178c   0x00000088   Code   RO          229    i.InitADC           adc.o
    0x08001814   0x0000010c   Code   RO          199    i.InitCAN           can.o
    0x08001920   0x00000054   Code   RO          292    i.InitTIM_1         timers.o
    0x08001974   0x00000002   Code   RO          153    i.NMI_Handler       stm32f0xx_it.o
    0x08001976   0x00000002   PAD
    0x08001978   0x000000b0   Code   RO         1945    i.NVIC_Init         stm32f0xx_misc.o
    0x08001a28   0x00000002   Code   RO          154    i.PendSV_Handler    stm32f0xx_it.o
    0x08001a2a   0x00000002   PAD
    0x08001a2c   0x0000006c   Code   RO         2052    i.RCC_AHBPeriphClockCmd  stm32f0xx_rcc.o
    0x08001a98   0x0000006c   Code   RO         2054    i.RCC_APB1PeriphClockCmd  stm32f0xx_rcc.o
    0x08001b04   0x0000006c   Code   RO         2055    i.RCC_APB1PeriphResetCmd  stm32f0xx_rcc.o
    0x08001b70   0x0000006c   Code   RO         2056    i.RCC_APB2PeriphClockCmd  stm32f0xx_rcc.o
    0x08001bdc   0x00000002   Code   RO          155    i.SVC_Handler       stm32f0xx_it.o
    0x08001bde   0x00000002   PAD
    0x08001be0   0x0000006c   Code   RO          200    i.SendDataCAN       can.o
    0x08001c4c   0x00000002   Code   RO          156    i.SysTick_Handler   stm32f0xx_it.o
    0x08001c4e   0x00000002   PAD
    0x08001c50   0x00000074   Code   RO          320    i.SystemInit        system_stm32f0xx.o
    0x08001cc4   0x0000004c   Code   RO          251    i.TIM1_BRK_UP_TRG_COM_IRQHandler  handlers.o
    0x08001d10   0x00000020   Code   RO          252    i.TIM3_IRQHandler   handlers.o
    0x08001d30   0x000000a0   Code   RO         2727    i.TIM_ClearFlag     stm32f0xx_tim.o
    0x08001dd0   0x000000b0   Code   RO         2733    i.TIM_Cmd           stm32f0xx_tim.o
    0x08001e80   0x000000dc   Code   RO         2753    i.TIM_GetFlagStatus  stm32f0xx_tim.o
    0x08001f5c   0x000000c4   Code   RO         2758    i.TIM_ITConfig      stm32f0xx_tim.o
    0x08002020   0x000000a4   Code   RO         2792    i.TIM_SelectOutputTrigger  stm32f0xx_tim.o
    0x080020c4   0x00000130   Code   RO         2806    i.TIM_TimeBaseInit  stm32f0xx_tim.o
    0x080021f4   0x00000004   Code   RO            4    i.assert_failed     main.o
    0x080021f8   0x00000120   Code   RO            5    i.main              main.o
    0x08002318   0x00000020   Data   RO         3827    Region$$Table       anon$$obj.o


    Execution Region RW_IRAM1 (Base: 0x20000000, Size: 0x000006f0, Max: 0x00001800, ABSOLUTE)

    Base Addr    Size         Type   Attr      Idx    E Section Name        Object

    0x20000000   0x00000010   Data   RW            7    .data               main.o
    0x20000010   0x00000021   Data   RW          254    .data               handlers.o
    0x20000031   0x00000003   PAD
    0x20000034   0x0000000c   Zero   RW            6    .bss                main.o
    0x20000040   0x00000050   Zero   RW          253    .bss                handlers.o
    0x20000090   0x00000060   Zero   RW         3701    .bss                c_p.l(libspace.o)
    0x200000f0   0x00000200   Zero   RW          355    HEAP                startup_stm32f042.o
    0x200002f0   0x00000400   Zero   RW          354    STACK               startup_stm32f042.o


==============================================================================

Image component sizes


      Code (inc. data)   RO Data    RW Data    ZI Data      Debug   Object Name

       136          4          0          0          0        494   adc.o
       376         26          0          0          0       1312   can.o
       524         96          0         33         80       2995   handlers.o
       328         50          0         16         12     205942   main.o
       116         56        192          0       1536        576   startup_stm32f042.o
       996        234          0          0          0     179453   stm32f0xx_adc.o
      2824        272          0          0          0       6411   stm32f0xx_can.o
        36          4          0          0          0        767   stm32f0xx_crc.o
       792        140          0          0          0       2182   stm32f0xx_gpio.o
        12          0          0          0          0       1723   stm32f0xx_it.o
       176         28          0          0          0        748   stm32f0xx_misc.o
       432        128          0          0          0       2111   stm32f0xx_rcc.o
      1220        342          0          0          0       3862   stm32f0xx_tim.o
       116         12          0          0          0        385   system_stm32f0xx.o
        84          4          0          0          0        432   timers.o

    ----------------------------------------------------------------------
      8176       1396        224         52       1628     409393   Object Totals
         0          0         32          0          0          0   (incl. Generated)
         8          0          0          3          0          0   (incl. Padding)

    ----------------------------------------------------------------------

      Code (inc. data)   RO Data    RW Data    ZI Data      Debug   Library Member Name

         8          0          0          0          0         68   __main.o
         0          0          0          0          0          0   __rtentry.o
        12          0          0          0          0          0   __rtentry2.o
         6          0          0          0          0          0   __rtentry4.o
        60          8          0          0          0          0   __scatter.o
        26          0          0          0          0          0   __scatter_copy.o
        28          0          0          0          0          0   __scatter_zi.o
       346          0          0          0          0         92   aeabi_sdiv.o
        12          0          0          0          0         64   exit.o
         6          0          0          0          0        136   heapauxi.o
         0          0          0          0          0          0   indicate_semi.o
         2          0          0          0          0          0   libinit.o
         2          0          0          0          0          0   libinit2.o
         2          0          0          0          0          0   libshutdown.o
         2          0          0          0          0          0   libshutdown2.o
         8          4          0          0         96         68   libspace.o
         2          0          0          0          0          0   rtexit.o
        10          0          0          0          0          0   rtexit2.o
        12          4          0          0          0         60   sys_exit.o
        62          0          0          0          0         80   sys_stackheap_outer.o
         2          0          0          0          0         68   use_no_semi.o

    ----------------------------------------------------------------------
       616         16          0          0         96        636   Library Totals
         8          0          0          0          0          0   (incl. Padding)

    ----------------------------------------------------------------------

      Code (inc. data)   RO Data    RW Data    ZI Data      Debug   Library Name

       608         16          0          0         96        636   c_p.l

    ----------------------------------------------------------------------
       616         16          0          0         96        636   Library Totals

    ----------------------------------------------------------------------

==============================================================================


      Code (inc. data)   RO Data    RW Data    ZI Data      Debug   

      8792       1412        224         52       1724     407817   Grand Totals
      8792       1412        224         52       1724     407817   ELF Image Totals
      8792       1412        224         52          0          0   ROM Totals

==============================================================================

    Total RO  Size (Code + RO Data)                 9016 (   8.80kB)
    Total RW  Size (RW Data + ZI Data)              1776 (   1.73kB)
    Total ROM Size (Code + RO Data + RW Data)       9068 (   8.86kB)

==============================================================================

